Archive member included to satisfy reference by file (symbol)

G:/Programing/Segger/lib/libc_v7em_fpv4_sp_d16_hard_t_le_eabi.a(libc_asm.o)
                              build/usb_serial_mesh_nrf52840_xxAA_s140_6.0.0_Release/obj/simple_hal.o (__aeabi_uldivmod)
G:/Programing/Segger/lib/libc_v7em_fpv4_sp_d16_hard_t_le_eabi.a(libc2.o)
                              build/usb_serial_mesh_nrf52840_xxAA_s140_6.0.0_Release/obj/transport.o (malloc)
G:/Programing/Segger/lib/libc_v7em_fpv4_sp_d16_hard_t_le_eabi.a(libc2_asm.o)
                              build/usb_serial_mesh_nrf52840_xxAA_s140_6.0.0_Release/obj/transport.o (memcpy)
G:/Programing/Segger/lib/libc_v7em_fpv4_sp_d16_hard_t_le_eabi.a(libc.o)
                              G:/Programing/Segger/lib/libc_v7em_fpv4_sp_d16_hard_t_le_eabi.a(libc2.o) (__heap_lock)
G:/Programing/Segger/lib/libdebugio_v7em_fpv4_sp_d16_hard_t_le_eabi.a(libdebugio.o)
                              build/usb_serial_mesh_nrf52840_xxAA_s140_6.0.0_Release/obj/thumb_crt0.o (debug_fopen)
G:/Programing/Segger/lib/libdebugio_mempoll_v7em_fpv4_sp_d16_hard_t_le_eabi.a(mempoll_debug_operations.o)
                              G:/Programing/Segger/lib/libdebugio_v7em_fpv4_sp_d16_hard_t_le_eabi.a(libdebugio.o) (__do_debug_operation)
G:/Programing/Segger/lib/libdebugio_mempoll_v7em_fpv4_sp_d16_hard_t_le_eabi.a(do_nv_debug_operation.o)
                              G:/Programing/Segger/lib/libdebugio_v7em_fpv4_sp_d16_hard_t_le_eabi.a(libdebugio.o) (__do_nvdebug_operation)
G:/Programing/Segger/lib/libm_v7em_fpv4_sp_d16_hard_t_le_eabi.a(libm_asm.o)
                              G:/Programing/Segger/lib/libc_v7em_fpv4_sp_d16_hard_t_le_eabi.a(libc2.o) (__aeabi_i2d)
G:/Programing/Segger/lib/libm_v7em_fpv4_sp_d16_hard_t_le_eabi.a(libm2.o)
                              G:/Programing/Segger/lib/libvfprintf_v7em_fpv4_sp_d16_hard_t_le_eabi.o (frexp)
G:/Programing/Segger/lib/libm_v7em_fpv4_sp_d16_hard_t_le_eabi.a(libm2_asm.o)
                              G:/Programing/Segger/lib/libm_v7em_fpv4_sp_d16_hard_t_le_eabi.a(libm2.o) (fabs)

Discarded input sections

 .text          0x0000000000000000        0x0 build/usb_serial_mesh_nrf52840_xxAA_s140_6.0.0_Release/obj/main.o
 .data          0x0000000000000000        0x0 build/usb_serial_mesh_nrf52840_xxAA_s140_6.0.0_Release/obj/main.o
 .bss           0x0000000000000000        0x0 build/usb_serial_mesh_nrf52840_xxAA_s140_6.0.0_Release/obj/main.o
 .text          0x0000000000000000        0x0 build/usb_serial_mesh_nrf52840_xxAA_s140_6.0.0_Release/obj/mesh_softdevice_init.o
 .data          0x0000000000000000        0x0 build/usb_serial_mesh_nrf52840_xxAA_s140_6.0.0_Release/obj/mesh_softdevice_init.o
 .bss           0x0000000000000000        0x0 build/usb_serial_mesh_nrf52840_xxAA_s140_6.0.0_Release/obj/mesh_softdevice_init.o
 .text          0x0000000000000000        0x0 build/usb_serial_mesh_nrf52840_xxAA_s140_6.0.0_Release/obj/mesh_provisionee.o
 .data          0x0000000000000000        0x0 build/usb_serial_mesh_nrf52840_xxAA_s140_6.0.0_Release/obj/mesh_provisionee.o
 .bss           0x0000000000000000        0x0 build/usb_serial_mesh_nrf52840_xxAA_s140_6.0.0_Release/obj/mesh_provisionee.o
 .text.mesh_provisionee_prov_listen_stop
                0x0000000000000000        0xc build/usb_serial_mesh_nrf52840_xxAA_s140_6.0.0_Release/obj/mesh_provisionee.o
 .text          0x0000000000000000        0x0 build/usb_serial_mesh_nrf52840_xxAA_s140_6.0.0_Release/obj/simple_hal.o
 .data          0x0000000000000000        0x0 build/usb_serial_mesh_nrf52840_xxAA_s140_6.0.0_Release/obj/simple_hal.o
 .bss           0x0000000000000000        0x0 build/usb_serial_mesh_nrf52840_xxAA_s140_6.0.0_Release/obj/simple_hal.o
 .text.hal_led_pin_get
                0x0000000000000000       0x18 build/usb_serial_mesh_nrf52840_xxAA_s140_6.0.0_Release/obj/simple_hal.o
 .text.hal_led_pin_set
                0x0000000000000000       0x18 build/usb_serial_mesh_nrf52840_xxAA_s140_6.0.0_Release/obj/simple_hal.o
 .text.hal_buttons_init
                0x0000000000000000       0x50 build/usb_serial_mesh_nrf52840_xxAA_s140_6.0.0_Release/obj/simple_hal.o
 .text          0x0000000000000000        0x0 build/usb_serial_mesh_nrf52840_xxAA_s140_6.0.0_Release/obj/nrf_mesh_weak.o
 .data          0x0000000000000000        0x0 build/usb_serial_mesh_nrf52840_xxAA_s140_6.0.0_Release/obj/nrf_mesh_weak.o
 .bss           0x0000000000000000        0x0 build/usb_serial_mesh_nrf52840_xxAA_s140_6.0.0_Release/obj/nrf_mesh_weak.o
 .text._weak_handler_ptr
                0x0000000000000000        0x4 build/usb_serial_mesh_nrf52840_xxAA_s140_6.0.0_Release/obj/nrf_mesh_weak.o
 .text          0x0000000000000000        0x0 build/usb_serial_mesh_nrf52840_xxAA_s140_6.0.0_Release/obj/app_error_weak.o
 .data          0x0000000000000000        0x0 build/usb_serial_mesh_nrf52840_xxAA_s140_6.0.0_Release/obj/app_error_weak.o
[...]
Memory Configuration

Name             Origin             Length             Attributes
UNPLACED_SECTIONS 0x0000000100000000 0x0000000000000000 xw
RAM              0x0000000020000000 0x000000000003f000 xw
FLASH            0x0000000000000000 0x00000000000f8000 xw
*default*        0x0000000000000000 0xffffffffffffffff

Linker script and memory map

                0x000000000003b9a0                __vfprintf = __vfprintf_int
                0x0000000000000000                __vfscanf = __vfscanf_int
                0x0000000020000000                __RAM_segment_start__ = 0x20000000
                0x000000002003f000                __RAM_segment_end__ = 0x2003f000
                0x000000000003f000                __RAM_segment_size__ = 0x3f000
                0x0000000000000000                __FLASH_segment_start__ = 0x0
                0x00000000000f8000                __FLASH_segment_end__ = 0xf8000
                0x00000000000f8000                __FLASH_segment_size__ = 0xf8000
                0x0000000000000400                __HEAPSIZE__ = 0x400
                0x0000000000000000                __STACKSIZE_PROCESS__ = 0x0
                0x0000000000000800                __STACKSIZE__ = 0x800
                0x0000000020000000                __reserved_ram_load_start__ = 0x20000000

.reserved_ram   0x0000000020000000     0x32c8
                0x0000000020000000                __reserved_ram_start__ = .
 *(.reserved_ram .reserved_ram.*)
                0x00000000200032c8                . = MAX (((__reserved_ram_start__ + 0x200032c8) - 0x20000000), .)
 *fill*         0x0000000020000000     0x32c8 
                0x00000000200032c8                __reserved_ram_end__ = (__reserved_ram_start__ + SIZEOF (.reserved_ram))
                0x00000000000032c8                __reserved_ram_size__ = SIZEOF (.reserved_ram)
                0x00000000200032c8                __reserved_ram_load_end__ = __reserved_ram_end__
                0x0000000000000001                . = ASSERT (((__reserved_ram_start__ == __reserved_ram_end__) || ((__reserved_ram_end__ >= __RAM_segment_start__) && (__reserved_ram_end__ <= __RAM_segment_end__))), error: .reserved_ram is too large to fit in RAM memory segment)
                0x00000000200032c8                __vectors_ram_load_start__ = 0x200032c8

.vectors_ram    0x00000000200032c8        0x0
                0x00000000200032c8                __vectors_ram_start__ = .
                0x00000000200032c8                __app_ram_start__ = __vectors_ram_start__
 *(.vectors_ram .vectors_ram.*)
                0x00000000200032c8                __vectors_ram_end__ = (__vectors_ram_start__ + SIZEOF (.vectors_ram))
                0x0000000000000000                __vectors_ram_size__ = SIZEOF (.vectors_ram)
                0x00000000200032c8                __vectors_ram_load_end__ = __vectors_ram_end__
                0x0000000000000001                . = ASSERT (((__vectors_ram_start__ == __vectors_ram_end__) || ((__vectors_ram_end__ >= __RAM_segment_start__) && (__vectors_ram_end__ <= __RAM_segment_end__))), error: .vectors_ram is too large to fit in RAM memory segment)
                0x0000000000000001                . = ASSERT ((__reserved_ram_end__ <= __vectors_ram_start__), error: section .reserved_ram overlaps absolute placed section .vectors_ram)
                0x00000000200032c8                __nrf_sections_run_load_start__ = ALIGN (__vectors_ram_end__, 0x4)

.nrf_sections_run
                0x00000000200032c8        0x0
                0x00000000200032c8                __nrf_sections_run_start__ = .
                0x00000000200032c8                __start_nrf_sections_run = __nrf_sections_run_start__
 *(.nrf_sections_run .nrf_sections_run.*)
                0x00000000200032c8                __nrf_sections_run_end__ = (__nrf_sections_run_start__ + SIZEOF (.nrf_sections_run))
                0x0000000000000000                __nrf_sections_run_size__ = SIZEOF (.nrf_sections_run)
                0x00000000200032c8                __nrf_sections_run_load_end__ = __nrf_sections_run_end__
                0x0000000000000001                . = ASSERT (((__nrf_sections_run_start__ == __nrf_sections_run_end__) || ((__nrf_sections_run_end__ >= __RAM_segment_start__) && (__nrf_sections_run_end__ <= __RAM_segment_end__))), error: .nrf_sections_run is too large to fit in RAM memory segment)
                0x0000000000000000                __reserved_flash_load_start__ = 0x0

.reserved_flash
                0x0000000000000000    0x26000
                0x0000000000000000                __reserved_flash_start__ = .
 *(.reserved_flash .reserved_flash.*)
                0x0000000000026000                . = MAX (((__reserved_flash_start__ + 0x26000) - 0x0), .)
 *fill*         0x0000000000000000    0x26000 
                0x0000000000026000                __reserved_flash_end__ = (__reserved_flash_start__ + SIZEOF (.reserved_flash))
                0x0000000000026000                __reserved_flash_size__ = SIZEOF (.reserved_flash)
                0x0000000000026000                __reserved_flash_load_end__ = __reserved_flash_end__
                0x0000000000000001                . = ASSERT (((__reserved_flash_start__ == __reserved_flash_end__) || ((__reserved_flash_end__ >= __FLASH_segment_start__) && (__reserved_flash_end__ <= __FLASH_segment_end__))), error: .reserved_flash is too large to fit in FLASH memory segment)
                0x0000000000026000                __vectors_load_start__ = 0x26000

.vectors        0x0000000000026000      0x100
                0x0000000000026000                __vectors_start__ = .
 *(.vectors .vectors.*)
 .vectors       0x0000000000026000      0x100 build/usb_serial_mesh_nrf52840_xxAA_s140_6.0.0_Release/obj/ses_nrf52840_Vectors.o
                0x0000000000026000                _vectors
                0x0000000000026100                __vectors_end__ = (__vectors_start__ + SIZEOF (.vectors))
                0x0000000000000100                __vectors_size__ = SIZEOF (.vectors)
                0x0000000000026100                __vectors_load_end__ = __vectors_end__
                0x0000000000000001                . = ASSERT (((__vectors_start__ == __vectors_end__) || ((__vectors_end__ >= __FLASH_segment_start__) && (__vectors_end__ <= __FLASH_segment_end__))), error: .vectors is too large to fit in FLASH memory segment)
                0x0000000000000001                . = ASSERT ((__reserved_flash_end__ <= __vectors_start__), error: section .reserved_flash overlaps absolute placed section .vectors)
                0x0000000000026100                __init_load_start__ = ALIGN (__vectors_end__, 0x4)

.init           0x0000000000026100      0x1f4
                0x0000000000026100                __init_start__ = .
 *(.init .init.*)
 .init          0x0000000000026100      0x158 build/usb_serial_mesh_nrf52840_xxAA_s140_6.0.0_Release/obj/thumb_crt0.o
                0x0000000000026100                _start
                0x00000000000261b2                exit
 .init          0x0000000000026258       0x30 build/usb_serial_mesh_nrf52840_xxAA_s140_6.0.0_Release/obj/ses_nRF_Startup.o
                0x0000000000026258                Reset_Handler
 .init          0x0000000000026288       0x6c build/usb_serial_mesh_nrf52840_xxAA_s140_6.0.0_Release/obj/ses_nrf52840_Vectors.o
                0x0000000000026288                NMI_Handler
                0x000000000002628a                HardFault_Handler
                0x000000000002628c                MemoryManagement_Handler
                0x000000000002628e                BusFault_Handler
                0x0000000000026290                UsageFault_Handler
                0x0000000000026292                SVC_Handler
                0x0000000000026294                DebugMon_Handler
                0x0000000000026296                PendSV_Handler
                0x0000000000026298                SysTick_Handler
                0x000000000002629e                RADIO_IRQHandler
                0x00000000000262a2                SPIM0_SPIS0_TWIM0_TWIS0_SPI0_TWI0_IRQHandler
                0x00000000000262a4                SPIM1_SPIS1_TWIM1_TWIS1_SPI1_TWI1_IRQHandler
                0x00000000000262a6                NFCT_IRQHandler
                0x00000000000262aa                SAADC_IRQHandler
                0x00000000000262ac                TIMER0_IRQHandler
                0x00000000000262ae                TIMER1_IRQHandler
                0x00000000000262b2                RTC0_IRQHandler
                0x00000000000262b4                TEMP_IRQHandler
                0x00000000000262b6                RNG_IRQHandler
                0x00000000000262b8                ECB_IRQHandler
                0x00000000000262ba                CCM_AAR_IRQHandler
                0x00000000000262bc                WDT_IRQHandler
                0x00000000000262c2                COMP_LPCOMP_IRQHandler
                0x00000000000262c6                SWI1_EGU1_IRQHandler
                0x00000000000262ca                SWI3_EGU3_IRQHandler
                0x00000000000262cc                SWI4_EGU4_IRQHandler
                0x00000000000262ce                SWI5_EGU5_IRQHandler
                0x00000000000262d0                TIMER3_IRQHandler
                0x00000000000262d2                TIMER4_IRQHandler
                0x00000000000262d4                PWM0_IRQHandler
                0x00000000000262d6                PDM_IRQHandler
                0x00000000000262d8                MWU_IRQHandler
                0x00000000000262da                PWM1_IRQHandler
                0x00000000000262dc                PWM2_IRQHandler
                0x00000000000262de                SPIM2_SPIS2_SPI2_IRQHandler
                0x00000000000262e0                RTC2_IRQHandler
                0x00000000000262e2                I2S_IRQHandler
                0x00000000000262e4                FPU_IRQHandler
                0x00000000000262e8                UARTE1_IRQHandler
                0x00000000000262ea                QSPI_IRQHandler
                0x00000000000262ec                CRYPTOCELL_IRQHandler
                0x00000000000262ee                SPIM3_IRQHandler
                0x00000000000262f0                PWM3_IRQHandler
                0x00000000000262f4                __init_end__ = (__init_start__ + SIZEOF (.init))
                0x00000000000001f4                __init_size__ = SIZEOF (.init)
                0x00000000000262f4                __init_load_end__ = __init_end__
                0x0000000000000001                . = ASSERT (((__init_start__ == __init_end__) || ((__init_end__ >= __FLASH_segment_start__) && (__init_end__ <= __FLASH_segment_end__))), error: .init is too large to fit in FLASH memory segment)
                0x00000000000262f4                __init_rodata_load_start__ = ALIGN (__init_end__, 0x4)

.init_rodata    0x00000000000262f4        0x0
                0x00000000000262f4                __init_rodata_start__ = .
 *(.init_rodata .init_rodata.*)
                0x00000000000262f4                __init_rodata_end__ = (__init_rodata_start__ + SIZEOF (.init_rodata))
                0x0000000000000000                __init_rodata_size__ = SIZEOF (.init_rodata)
                0x00000000000262f4                __init_rodata_load_end__ = __init_rodata_end__
                0x0000000000000001                . = ASSERT (((__init_rodata_start__ == __init_rodata_end__) || ((__init_rodata_end__ >= __FLASH_segment_start__) && (__init_rodata_end__ <= __FLASH_segment_end__))), error: .init_rodata is too large to fit in FLASH memory segment)
                0x00000000000262f4                __text_load_start__ = ALIGN (__init_rodata_end__, 0x4)

.text           0x00000000000262f4    0x15db8
                0x00000000000262f4                __text_start__ = .
 *(.text .text.* .glue_7t .glue_7 .gnu.linkonce.t.* .gcc_except_table .ARM.extab* .gnu.linkonce.armextab.*)
 .glue_7        0x00000000000262f4        0x0 linker stubs
 .glue_7t       0x00000000000262f4        0x0 linker stubs
 .text.sd_app_evt_wait
                0x00000000000262f4        0x4 build/usb_serial_mesh_nrf52840_xxAA_s140_6.0.0_Release/obj/main.o
 .text.startup.main
                0x00000000000262f8      0x218 build/usb_serial_mesh_nrf52840_xxAA_s140_6.0.0_Release/obj/main.o
                0x00000000000262f8                main
 .text.sd_evt_get
                0x0000000000026510        0x4 build/usb_serial_mesh_nrf52840_xxAA_s140_6.0.0_Release/obj/mesh_softdevice_init.o
 .text.sd_softdevice_enable
                0x0000000000026514        0x4 build/usb_serial_mesh_nrf52840_xxAA_s140_6.0.0_Release/obj/mesh_softdevice_init.o
 .text.sd_ble_enable
                0x0000000000026518        0x4 build/usb_serial_mesh_nrf52840_xxAA_s140_6.0.0_Release/obj/mesh_softdevice_init.o
 .text.sd_ble_cfg_set
                0x000000000002651c        0x4 build/usb_serial_mesh_nrf52840_xxAA_s140_6.0.0_Release/obj/mesh_softdevice_init.o
 .text.SWI2_EGU2_IRQHandler
                0x0000000000026520       0x18 build/usb_serial_mesh_nrf52840_xxAA_s140_6.0.0_Release/obj/mesh_softdevice_init.o
                0x0000000000026520                SWI2_EGU2_IRQHandler
 .text.mesh_softdevice_init
                0x0000000000026538      0x128 build/usb_serial_mesh_nrf52840_xxAA_s140_6.0.0_Release/obj/mesh_softdevice_init.o
                0x0000000000026538                mesh_softdevice_init
 .text.provisionee_start
                0x0000000000026660       0x18 build/usb_serial_mesh_nrf52840_xxAA_s140_6.0.0_Release/obj/mesh_provisionee.o
 .text.prov_evt_handler
                0x0000000000026678       0x64 build/usb_serial_mesh_nrf52840_xxAA_s140_6.0.0_Release/obj/mesh_provisionee.o
 .text.mesh_provisionee_prov_start
                0x00000000000266dc       0x78 build/usb_serial_mesh_nrf52840_xxAA_s140_6.0.0_Release/obj/mesh_provisionee.o
                0x00000000000266dc                mesh_provisionee_prov_start
 .text.led_timeout_handler
                0x0000000000026754       0x40 build/usb_serial_mesh_nrf52840_xxAA_s140_6.0.0_Release/obj/simple_hal.o
 .text.hal_led_mask_set
                0x0000000000026794       0x12 build/usb_serial_mesh_nrf52840_xxAA_s140_6.0.0_Release/obj/simple_hal.o
                0x0000000000026794                hal_led_mask_set
 *fill*         0x00000000000267a6        0x2 
 .text.hal_led_blink_ms
                0x00000000000267a8       0x5c build/usb_serial_mesh_nrf52840_xxAA_s140_6.0.0_Release/obj/simple_hal.o
                0x00000000000267a8                hal_led_blink_ms
 .text.hal_leds_init
                0x0000000000026804       0x58 build/usb_serial_mesh_nrf52840_xxAA_s140_6.0.0_Release/obj/simple_hal.o
                0x0000000000026804                hal_leds_init
 .text.GPIOTE_IRQHandler
                0x000000000002685c       0x60 build/usb_serial_mesh_nrf52840_xxAA_s140_6.0.0_Release/obj/simple_hal.o
                0x000000000002685c                GPIOTE_IRQHandler
 .text._weak_handler
                0x00000000000268bc        0x4 build/usb_serial_mesh_nrf52840_xxAA_s140_6.0.0_Release/obj/nrf_mesh_weak.o
                0x00000000000268bc                nrf_mesh_dfu_init
                0x00000000000268bc                nrf_mesh_dfu_jump_to_bootloader
                0x00000000000268bc                nrf_mesh_dfu_rx
                0x00000000000268bc                nrf_mesh_dfu_bank_info_get
                0x00000000000268bc                nrf_mesh_dfu_request
                0x00000000000268bc                nrf_mesh_dfu_bank_flash
                0x00000000000268bc                nrf_mesh_dfu_enable
                0x00000000000268bc                _weak_handler
                0x00000000000268bc                nrf_mesh_dfu_relay
                0x00000000000268bc                nrf_mesh_dfu_abort
                0x00000000000268bc                mesh_flash_op_execute
                0x00000000000268bc                prov_provisionee_init
                0x00000000000268bc                nrf_mesh_dfu_state_get
 .text.app_error_fault_handler
                0x00000000000268c0      0x13c build/usb_serial_mesh_nrf52840_xxAA_s140_6.0.0_Release/obj/app_error_weak.o
                0x00000000000268c0                app_error_fault_handler
 .text.mesh_assertion_handler
                0x00000000000269fc       0x24 build/usb_serial_mesh_nrf52840_xxAA_s140_6.0.0_Release/obj/assertion_handler_weak.o
                0x00000000000269fc                mesh_assertion_handler
 .text.nrf_mesh_configure_device_uuid_set
                0x0000000000026a20       0x18 build/usb_serial_mesh_nrf52840_xxAA_s140_6.0.0_Release/obj/nrf_mesh_configure.o
                0x0000000000026a20                nrf_mesh_configure_device_uuid_set
 .text.nrf_mesh_configure_device_uuid_reset
                0x0000000000026a38       0x1c build/usb_serial_mesh_nrf52840_xxAA_s140_6.0.0_Release/obj/nrf_mesh_configure.o
                0x0000000000026a38                nrf_mesh_configure_device_uuid_reset
 .text.nrf_mesh_configure_device_uuid_get
                0x0000000000026a54        0x8 build/usb_serial_mesh_nrf52840_xxAA_s140_6.0.0_Release/obj/nrf_mesh_configure.o
                0x0000000000026a54                nrf_mesh_configure_device_uuid_get
 .text.msg_cache_init
                0x0000000000026a5c       0x24 build/usb_serial_mesh_nrf52840_xxAA_s140_6.0.0_Release/obj/msg_cache.o
                0x0000000000026a5c                msg_cache_init
 .text.msg_cache_entry_exists
                0x0000000000026a80       0x3c build/usb_serial_mesh_nrf52840_xxAA_s140_6.0.0_Release/obj/msg_cache.o
                0x0000000000026a80                msg_cache_entry_exists
 .text.msg_cache_entry_add
                0x0000000000026abc       0x2c build/usb_serial_mesh_nrf52840_xxAA_s140_6.0.0_Release/obj/msg_cache.o
                0x0000000000026abc                msg_cache_entry_add
 .text.seqauth_sequence_number_get
                0x0000000000026ae8       0x12 build/usb_serial_mesh_nrf52840_xxAA_s140_6.0.0_Release/obj/transport.o
 *fill*         0x0000000000026afa        0x2 
 .text.control_packet_callback_get
                0x0000000000026afc       0x40 build/usb_serial_mesh_nrf52840_xxAA_s140_6.0.0_Release/obj/transport.o
 .text.tx_complete
                0x0000000000026b3c       0x2c build/usb_serial_mesh_nrf52840_xxAA_s140_6.0.0_Release/obj/transport.o
 .text.block_ack_full
                0x0000000000026b68       0x1a build/usb_serial_mesh_nrf52840_xxAA_s140_6.0.0_Release/obj/transport.o
 *fill*         0x0000000000026b82        0x2 
 .text.sar_rx_session_mark_as_handled
                0x0000000000026b84       0x48 build/usb_serial_mesh_nrf52840_xxAA_s140_6.0.0_Release/obj/transport.o
 .text.upper_trs_packet_encrypt
                0x0000000000026bcc       0x86 build/usb_serial_mesh_nrf52840_xxAA_s140_6.0.0_Release/obj/transport.o
 *fill*         0x0000000000026c52        0x2 
 .text.sar_ctx_free
                0x0000000000026c54       0x40 build/usb_serial_mesh_nrf52840_xxAA_s140_6.0.0_Release/obj/transport.o
 .text.sar_ctx_tx_complete
                0x0000000000026c94       0x2e build/usb_serial_mesh_nrf52840_xxAA_s140_6.0.0_Release/obj/transport.o
 *fill*         0x0000000000026cc2        0x2 
 .text.sar_ctx_alloc
                0x0000000000026cc4       0xac build/usb_serial_mesh_nrf52840_xxAA_s140_6.0.0_Release/obj/transport.o
 .text.test_transport_decrypt
                0x0000000000026d70       0x64 build/usb_serial_mesh_nrf52840_xxAA_s140_6.0.0_Release/obj/transport.o
 .text.upper_transport_access_packet_in
                0x0000000000026dd4      0x178 build/usb_serial_mesh_nrf52840_xxAA_s140_6.0.0_Release/obj/transport.o
 .text.trs_packet_header_build
                0x0000000000026f4c       0x82 build/usb_serial_mesh_nrf52840_xxAA_s140_6.0.0_Release/obj/transport.o
 *fill*         0x0000000000026fce        0x2 
 .text.tx_retry_timer_reset
                0x0000000000026fd0       0x44 build/usb_serial_mesh_nrf52840_xxAA_s140_6.0.0_Release/obj/transport.o
 .text.sar_ctx_cancel
                0x0000000000027014       0x84 build/usb_serial_mesh_nrf52840_xxAA_s140_6.0.0_Release/obj/transport.o
 .text.abort_timeout
                0x0000000000027098        0x8 build/usb_serial_mesh_nrf52840_xxAA_s140_6.0.0_Release/obj/transport.o
 .text.trs_sar_packet_out
                0x00000000000270a0       0xda build/usb_serial_mesh_nrf52840_xxAA_s140_6.0.0_Release/obj/transport.o
 .text.retry_timeout
                0x000000000002717a       0x46 build/usb_serial_mesh_nrf52840_xxAA_s140_6.0.0_Release/obj/transport.o
 .text.upper_transport_packet_in
                0x00000000000271c0      0x11c build/usb_serial_mesh_nrf52840_xxAA_s140_6.0.0_Release/obj/transport.o
 .text.upper_transport_tx
                0x00000000000272dc      0x1b4 build/usb_serial_mesh_nrf52840_xxAA_s140_6.0.0_Release/obj/transport.o
 .text.transport_sar_mem_funcs_reset
                0x0000000000027490       0x28 build/usb_serial_mesh_nrf52840_xxAA_s140_6.0.0_Release/obj/transport.o
                0x0000000000027490                transport_sar_mem_funcs_reset
 .text.transport_init
                0x00000000000274b8       0x88 build/usb_serial_mesh_nrf52840_xxAA_s140_6.0.0_Release/obj/transport.o
                0x00000000000274b8                transport_init
 .text.transport_tx
                0x0000000000027540       0xb4 build/usb_serial_mesh_nrf52840_xxAA_s140_6.0.0_Release/obj/transport.o
                0x0000000000027540                transport_tx
 .text.transport_control_tx
                0x00000000000275f4       0x90 build/usb_serial_mesh_nrf52840_xxAA_s140_6.0.0_Release/obj/transport.o
                0x00000000000275f4                transport_control_tx
 .text.sar_ack_send
                0x0000000000027684       0x7c build/usb_serial_mesh_nrf52840_xxAA_s140_6.0.0_Release/obj/transport.o
 .text.transport_sar_process
                0x0000000000027700       0x74 build/usb_serial_mesh_nrf52840_xxAA_s140_6.0.0_Release/obj/transport.o
 .text.transport_packet_in
                0x0000000000027774      0x3e8 build/usb_serial_mesh_nrf52840_xxAA_s140_6.0.0_Release/obj/transport.o
                0x0000000000027774                transport_packet_in
 .text.ack_timeout
                0x0000000000027b5c       0x28 build/usb_serial_mesh_nrf52840_xxAA_s140_6.0.0_Release/obj/transport.o
 .text.transport_control_packet_consumer_add
                0x0000000000027b84       0x5c build/usb_serial_mesh_nrf52840_xxAA_s140_6.0.0_Release/obj/transport.o
                0x0000000000027b84                transport_control_packet_consumer_add
 .text.event_handle
                0x0000000000027be0       0x54 build/usb_serial_mesh_nrf52840_xxAA_s140_6.0.0_Release/obj/event.o
                0x0000000000027be0                event_handle
 .text.event_handler_add
                0x0000000000027c34       0x20 build/usb_serial_mesh_nrf52840_xxAA_s140_6.0.0_Release/obj/event.o
                0x0000000000027c34                event_handler_add
 .text.event_handler_remove
                0x0000000000027c54       0x34 build/usb_serial_mesh_nrf52840_xxAA_s140_6.0.0_Release/obj/event.o
                0x0000000000027c54                event_handler_remove
 .text.m_index_increment
                0x0000000000027c88       0x1e build/usb_serial_mesh_nrf52840_xxAA_s140_6.0.0_Release/obj/packet_buffer.o
 .text.packet_buffer_max_packet_len_get
                0x0000000000027ca6       0x20 build/usb_serial_mesh_nrf52840_xxAA_s140_6.0.0_Release/obj/packet_buffer.o
                0x0000000000027ca6                packet_buffer_max_packet_len_get
 .text.packet_buffer_init
                0x0000000000027cc6       0xac build/usb_serial_mesh_nrf52840_xxAA_s140_6.0.0_Release/obj/packet_buffer.o
                0x0000000000027cc6                packet_buffer_init
 .text.packet_buffer_flush
                0x0000000000027d72       0x60 build/usb_serial_mesh_nrf52840_xxAA_s140_6.0.0_Release/obj/packet_buffer.o
                0x0000000000027d72                packet_buffer_flush
 .text.packet_buffer_reserve
                0x0000000000027dd2       0x96 build/usb_serial_mesh_nrf52840_xxAA_s140_6.0.0_Release/obj/packet_buffer.o
                0x0000000000027dd2                packet_buffer_reserve
 .text.packet_buffer_commit
                0x0000000000027e68       0x58 build/usb_serial_mesh_nrf52840_xxAA_s140_6.0.0_Release/obj/packet_buffer.o
                0x0000000000027e68                packet_buffer_commit
 .text.packet_buffer_pop
                0x0000000000027ec0       0x50 build/usb_serial_mesh_nrf52840_xxAA_s140_6.0.0_Release/obj/packet_buffer.o
                0x0000000000027ec0                packet_buffer_pop
 .text.packet_buffer_can_pop
                0x0000000000027f10       0x38 build/usb_serial_mesh_nrf52840_xxAA_s140_6.0.0_Release/obj/packet_buffer.o
                0x0000000000027f10                packet_buffer_can_pop
 .text.packet_buffer_packets_ready_to_pop
                0x0000000000027f48       0x3c build/usb_serial_mesh_nrf52840_xxAA_s140_6.0.0_Release/obj/packet_buffer.o
                0x0000000000027f48                packet_buffer_packets_ready_to_pop
 .text.packet_buffer_free
                0x0000000000027f84       0x6c build/usb_serial_mesh_nrf52840_xxAA_s140_6.0.0_Release/obj/packet_buffer.o
                0x0000000000027f84                packet_buffer_free
 .text.flash_manager_defrag_is_running
                0x0000000000027ff0       0x10 build/usb_serial_mesh_nrf52840_xxAA_s140_6.0.0_Release/obj/flash_manager_defrag.o
                0x0000000000027ff0                flash_manager_defrag_is_running
 .text.fifo_init
                0x0000000000028000       0x34 build/usb_serial_mesh_nrf52840_xxAA_s140_6.0.0_Release/obj/fifo.o
                0x0000000000028000                fifo_init
 .text.fifo_push
                0x0000000000028034       0x50 build/usb_serial_mesh_nrf52840_xxAA_s140_6.0.0_Release/obj/fifo.o
                0x0000000000028034                fifo_push
 .text.fifo_pop
                0x0000000000028084       0x52 build/usb_serial_mesh_nrf52840_xxAA_s140_6.0.0_Release/obj/fifo.o
                0x0000000000028084                fifo_pop
 *fill*         0x00000000000280d6        0x2 
 .text.packet_mgr_init
                0x00000000000280d8       0x48 build/usb_serial_mesh_nrf52840_xxAA_s140_6.0.0_Release/obj/packet_mgr.o
                0x00000000000280d8                packet_mgr_init
 .text.net_state_recover_from_flash
                0x0000000000028120        0x2 build/usb_serial_mesh_nrf52840_xxAA_s140_6.0.0_Release/obj/net_state.o
                0x0000000000028120                net_state_recover_from_flash
 *fill*         0x0000000000028122        0x2 
 .text.net_state_reset
                0x0000000000028124       0x24 build/usb_serial_mesh_nrf52840_xxAA_s140_6.0.0_Release/obj/net_state.o
                0x0000000000028124                net_state_reset
 .text.net_state_init
                0x0000000000028148       0x44 build/usb_serial_mesh_nrf52840_xxAA_s140_6.0.0_Release/obj/net_state.o
                0x0000000000028148                net_state_init
 .text.net_state_enable
                0x000000000002818c       0x30 build/usb_serial_mesh_nrf52840_xxAA_s140_6.0.0_Release/obj/net_state.o
                0x000000000002818c                net_state_enable
 .text.net_state_iv_update_start
                0x00000000000281bc       0x5c build/usb_serial_mesh_nrf52840_xxAA_s140_6.0.0_Release/obj/net_state.o
                0x00000000000281bc                net_state_iv_update_start
 .text.iv_update_trigger_if_pending
                0x0000000000028218       0x80 build/usb_serial_mesh_nrf52840_xxAA_s140_6.0.0_Release/obj/net_state.o
 .text.iv_update_timer_handler
                0x0000000000028298       0x64 build/usb_serial_mesh_nrf52840_xxAA_s140_6.0.0_Release/obj/net_state.o
 .text.mesh_evt_handler
                0x00000000000282fc       0x98 build/usb_serial_mesh_nrf52840_xxAA_s140_6.0.0_Release/obj/net_state.o
 .text.net_state_seqnum_alloc
                0x0000000000028394       0x50 build/usb_serial_mesh_nrf52840_xxAA_s140_6.0.0_Release/obj/net_state.o
                0x0000000000028394                net_state_seqnum_alloc
 .text.net_state_iv_index_lock
                0x00000000000283e4       0x3c build/usb_serial_mesh_nrf52840_xxAA_s140_6.0.0_Release/obj/net_state.o
                0x00000000000283e4                net_state_iv_index_lock
 .text.net_state_key_refresh_phase_changed
                0x0000000000028420       0x20 build/usb_serial_mesh_nrf52840_xxAA_s140_6.0.0_Release/obj/net_state.o
                0x0000000000028420                net_state_key_refresh_phase_changed
 .text.net_state_beacon_iv_index_get
                0x0000000000028440        0xc build/usb_serial_mesh_nrf52840_xxAA_s140_6.0.0_Release/obj/net_state.o
                0x0000000000028440                net_state_beacon_iv_index_get
 .text.net_state_tx_iv_index_get
                0x000000000002844c       0x14 build/usb_serial_mesh_nrf52840_xxAA_s140_6.0.0_Release/obj/net_state.o
                0x000000000002844c                net_state_tx_iv_index_get
 .text.net_state_rx_iv_index_get
                0x0000000000028460       0x18 build/usb_serial_mesh_nrf52840_xxAA_s140_6.0.0_Release/obj/net_state.o
                0x0000000000028460                net_state_rx_iv_index_get
 .text.net_state_iv_update_get
                0x0000000000028478        0xc build/usb_serial_mesh_nrf52840_xxAA_s140_6.0.0_Release/obj/net_state.o
                0x0000000000028478                net_state_iv_update_get
 .text.net_state_iv_index_set
                0x0000000000028484       0x2c build/usb_serial_mesh_nrf52840_xxAA_s140_6.0.0_Release/obj/net_state.o
                0x0000000000028484                net_state_iv_index_set
 .text.send_end_events
                0x00000000000284b0       0x84 build/usb_serial_mesh_nrf52840_xxAA_s140_6.0.0_Release/obj/mesh_flash.o
 .text.mesh_flash_init
                0x0000000000028534       0x7c build/usb_serial_mesh_nrf52840_xxAA_s140_6.0.0_Release/obj/mesh_flash.o
                0x0000000000028534                mesh_flash_init
 .text.nrf_mesh_address_type_get
                0x00000000000285b0       0x10 build/usb_serial_mesh_nrf52840_xxAA_s140_6.0.0_Release/obj/nrf_mesh_utils.o
                0x00000000000285b0                nrf_mesh_address_type_get
 .text.sd_softdevice_is_enabled
                0x00000000000285c0        0x4 build/usb_serial_mesh_nrf52840_xxAA_s140_6.0.0_Release/obj/nrf_mesh.o
 .text.nrf_mesh_listen
                0x00000000000285c4       0xe8 build/usb_serial_mesh_nrf52840_xxAA_s140_6.0.0_Release/obj/nrf_mesh.o
 .text.scanner_packet_process_cb
                0x00000000000286ac       0x8c build/usb_serial_mesh_nrf52840_xxAA_s140_6.0.0_Release/obj/nrf_mesh.o
 .text.nrf_mesh_init
                0x0000000000028738       0xcc build/usb_serial_mesh_nrf52840_xxAA_s140_6.0.0_Release/obj/nrf_mesh.o
                0x0000000000028738                nrf_mesh_init
 .text.nrf_mesh_enable
                0x0000000000028804       0x90 build/usb_serial_mesh_nrf52840_xxAA_s140_6.0.0_Release/obj/nrf_mesh.o
                0x0000000000028804                nrf_mesh_enable
 .text.nrf_mesh_disable
                0x0000000000028894       0x28 build/usb_serial_mesh_nrf52840_xxAA_s140_6.0.0_Release/obj/nrf_mesh.o
                0x0000000000028894                nrf_mesh_disable
 .text.nrf_mesh_packet_send
                0x00000000000288bc       0x58 build/usb_serial_mesh_nrf52840_xxAA_s140_6.0.0_Release/obj/nrf_mesh.o
                0x00000000000288bc                nrf_mesh_packet_send
 .text.nrf_mesh_evt_handler_add
                0x0000000000028914        0x4 build/usb_serial_mesh_nrf52840_xxAA_s140_6.0.0_Release/obj/nrf_mesh.o
                0x0000000000028914                nrf_mesh_evt_handler_add
 .text.nrf_mesh_on_sd_evt
                0x0000000000028918        0xa build/usb_serial_mesh_nrf52840_xxAA_s140_6.0.0_Release/obj/nrf_mesh.o
                0x0000000000028918                nrf_mesh_on_sd_evt
 .text.nrf_mesh_subnet_added
                0x0000000000028922        0x2 build/usb_serial_mesh_nrf52840_xxAA_s140_6.0.0_Release/obj/nrf_mesh.o
                0x0000000000028922                nrf_mesh_subnet_added
 .text.nrf_mesh_unique_token_get
                0x0000000000028924       0x18 build/usb_serial_mesh_nrf52840_xxAA_s140_6.0.0_Release/obj/nrf_mesh.o
                0x0000000000028924                nrf_mesh_unique_token_get
 .text.queue_init
                0x000000000002893c       0x14 build/usb_serial_mesh_nrf52840_xxAA_s140_6.0.0_Release/obj/queue.o
                0x000000000002893c                queue_init
 .text.queue_push
                0x0000000000028950       0x34 build/usb_serial_mesh_nrf52840_xxAA_s140_6.0.0_Release/obj/queue.o
                0x0000000000028950                queue_push
 .text.queue_pop
                0x0000000000028984       0x26 build/usb_serial_mesh_nrf52840_xxAA_s140_6.0.0_Release/obj/queue.o
                0x0000000000028984                queue_pop
 .text.queue_peek
                0x00000000000289aa       0x10 build/usb_serial_mesh_nrf52840_xxAA_s140_6.0.0_Release/obj/queue.o
                0x00000000000289aa                queue_peek
 .text.sd_power_reset_reason_clr
                0x00000000000289ba        0x4 build/usb_serial_mesh_nrf52840_xxAA_s140_6.0.0_Release/obj/hal.o
 *fill*         0x00000000000289be        0x2 
 .text.hal_device_reset
                0x00000000000289c0       0x2c build/usb_serial_mesh_nrf52840_xxAA_s140_6.0.0_Release/obj/hal.o
                0x00000000000289c0                hal_device_reset
 .text.hal_lfclk_ppm_get
                0x00000000000289ec       0x14 build/usb_serial_mesh_nrf52840_xxAA_s140_6.0.0_Release/obj/hal.o
                0x00000000000289ec                hal_lfclk_ppm_get
 .text.hal_irq_active_get
                0x0000000000028a00       0x10 build/usb_serial_mesh_nrf52840_xxAA_s140_6.0.0_Release/obj/hal.o
                0x0000000000028a00                hal_irq_active_get
 .text.hal_irq_is_enabled
                0x0000000000028a10       0x28 build/usb_serial_mesh_nrf52840_xxAA_s140_6.0.0_Release/obj/hal.o
                0x0000000000028a10                hal_irq_is_enabled
 .text.sd_ecb_block_encrypt
                0x0000000000028a38        0x4 build/usb_serial_mesh_nrf52840_xxAA_s140_6.0.0_Release/obj/aes_cmac.o
 .text.utils_xor.constprop.1
                0x0000000000028a3c       0x20 build/usb_serial_mesh_nrf52840_xxAA_s140_6.0.0_Release/obj/aes_cmac.o
 .text.aes_cmac
                0x0000000000028a5c      0x126 build/usb_serial_mesh_nrf52840_xxAA_s140_6.0.0_Release/obj/aes_cmac.o
                0x0000000000028a5c                aes_cmac
 *fill*         0x0000000000028b82        0x2 
 .text.remove_evt
                0x0000000000028b84       0x2c build/usb_serial_mesh_nrf52840_xxAA_s140_6.0.0_Release/obj/timer_scheduler.o
 .text.add_evt  0x0000000000028bb0       0x50 build/usb_serial_mesh_nrf52840_xxAA_s140_6.0.0_Release/obj/timer_scheduler.o
 .text.timer_cb
                0x0000000000028c00        0xc build/usb_serial_mesh_nrf52840_xxAA_s140_6.0.0_Release/obj/timer_scheduler.o
 .text.setup_timeout
                0x0000000000028c0c       0x44 build/usb_serial_mesh_nrf52840_xxAA_s140_6.0.0_Release/obj/timer_scheduler.o
 .text.flag_event_cb
                0x0000000000028c50       0xa4 build/usb_serial_mesh_nrf52840_xxAA_s140_6.0.0_Release/obj/timer_scheduler.o
 .text.timer_sch_init
                0x0000000000028cf4       0x24 build/usb_serial_mesh_nrf52840_xxAA_s140_6.0.0_Release/obj/timer_scheduler.o
                0x0000000000028cf4                timer_sch_init
 .text.timer_sch_schedule
                0x0000000000028d18       0x44 build/usb_serial_mesh_nrf52840_xxAA_s140_6.0.0_Release/obj/timer_scheduler.o
                0x0000000000028d18                timer_sch_schedule
 .text.timer_sch_abort
                0x0000000000028d5c       0x2e build/usb_serial_mesh_nrf52840_xxAA_s140_6.0.0_Release/obj/timer_scheduler.o
                0x0000000000028d5c                timer_sch_abort
 .text.timer_sch_reschedule
                0x0000000000028d8a       0x36 build/usb_serial_mesh_nrf52840_xxAA_s140_6.0.0_Release/obj/timer_scheduler.o
                0x0000000000028d8a                timer_sch_reschedule
 .text.timer_mut_unlock
                0x0000000000028dc0       0x10 build/usb_serial_mesh_nrf52840_xxAA_s140_6.0.0_Release/obj/timer.o
 .text.timer_order_cb
                0x0000000000028dd0       0x90 build/usb_serial_mesh_nrf52840_xxAA_s140_6.0.0_Release/obj/timer.o
                0x0000000000028dd0                timer_order_cb
 .text.timer_now
                0x0000000000028e60       0x48 build/usb_serial_mesh_nrf52840_xxAA_s140_6.0.0_Release/obj/timer.o
                0x0000000000028e60                timer_now
 .text.timer_event_handler
                0x0000000000028ea8       0x88 build/usb_serial_mesh_nrf52840_xxAA_s140_6.0.0_Release/obj/timer.o
                0x0000000000028ea8                timer_event_handler
 .text.timer_on_ts_begin
                0x0000000000028f30       0xf0 build/usb_serial_mesh_nrf52840_xxAA_s140_6.0.0_Release/obj/timer.o
                0x0000000000028f30                timer_on_ts_begin
 .text.timer_on_ts_end
                0x0000000000029020       0x60 build/usb_serial_mesh_nrf52840_xxAA_s140_6.0.0_Release/obj/timer.o
                0x0000000000029020                timer_on_ts_end
 .text.sd_rand_application_bytes_available_get
                0x0000000000029080        0x4 build/usb_serial_mesh_nrf52840_xxAA_s140_6.0.0_Release/obj/rand.o
 .text.sd_rand_application_vector_get
                0x0000000000029084        0x4 build/usb_serial_mesh_nrf52840_xxAA_s140_6.0.0_Release/obj/rand.o
 .text.rand_prng_get
                0x0000000000029088       0x24 build/usb_serial_mesh_nrf52840_xxAA_s140_6.0.0_Release/obj/rand.o
                0x0000000000029088                rand_prng_get
 .text.rand_hw_rng_get
                0x00000000000290ac       0x44 build/usb_serial_mesh_nrf52840_xxAA_s140_6.0.0_Release/obj/rand.o
                0x00000000000290ac                rand_hw_rng_get
 .text.rand_prng_seed
                0x00000000000290f0       0x34 build/usb_serial_mesh_nrf52840_xxAA_s140_6.0.0_Release/obj/rand.o
                0x00000000000290f0                rand_prng_seed
 .text.mesh_opt_init
                0x0000000000029124        0x2 build/usb_serial_mesh_nrf52840_xxAA_s140_6.0.0_Release/obj/mesh_opt.o
                0x0000000000029124                mesh_opt_init
 .text.sd_radio_session_open
                0x0000000000029126        0x4 build/usb_serial_mesh_nrf52840_xxAA_s140_6.0.0_Release/obj/timeslot.o
 .text.sd_radio_session_close
                0x000000000002912a        0x4 build/usb_serial_mesh_nrf52840_xxAA_s140_6.0.0_Release/obj/timeslot.o
 .text.sd_radio_request
                0x000000000002912e        0x4 build/usb_serial_mesh_nrf52840_xxAA_s140_6.0.0_Release/obj/timeslot.o
 *fill*         0x0000000000029132        0x2 
 .text.end_timer_handler
                0x0000000000029134       0x24 build/usb_serial_mesh_nrf52840_xxAA_s140_6.0.0_Release/obj/timeslot.o
 .text.get_end_time.constprop.10
                0x0000000000029158       0x28 build/usb_serial_mesh_nrf52840_xxAA_s140_6.0.0_Release/obj/timeslot.o
 .text.handle_extend_end.constprop.3
                0x0000000000029180       0xac build/usb_serial_mesh_nrf52840_xxAA_s140_6.0.0_Release/obj/timeslot.o
 .text.radio_signal_callback
                0x000000000002922c      0x13c build/usb_serial_mesh_nrf52840_xxAA_s140_6.0.0_Release/obj/timeslot.o
 .text.timeslot_sd_event_handler
                0x0000000000029368       0x38 build/usb_serial_mesh_nrf52840_xxAA_s140_6.0.0_Release/obj/timeslot.o
                0x0000000000029368                timeslot_sd_event_handler
 .text.timeslot_init
                0x00000000000293a0       0x48 build/usb_serial_mesh_nrf52840_xxAA_s140_6.0.0_Release/obj/timeslot.o
                0x00000000000293a0                timeslot_init
 .text.timeslot_start
                0x00000000000293e8       0x20 build/usb_serial_mesh_nrf52840_xxAA_s140_6.0.0_Release/obj/timeslot.o
                0x00000000000293e8                timeslot_start
 .text.timeslot_end_is_pending
                0x0000000000029408       0x24 build/usb_serial_mesh_nrf52840_xxAA_s140_6.0.0_Release/obj/timeslot.o
                0x0000000000029408                timeslot_end_is_pending
 .text.timeslot_start_time_get
                0x000000000002942c        0xc build/usb_serial_mesh_nrf52840_xxAA_s140_6.0.0_Release/obj/timeslot.o
                0x000000000002942c                timeslot_start_time_get
 .text.timeslot_remaining_time_get
                0x0000000000029438       0x20 build/usb_serial_mesh_nrf52840_xxAA_s140_6.0.0_Release/obj/timeslot.o
                0x0000000000029438                timeslot_remaining_time_get
 .text.timeslot_is_in_cb
                0x0000000000029458        0xc build/usb_serial_mesh_nrf52840_xxAA_s140_6.0.0_Release/obj/timeslot.o
                0x0000000000029458                timeslot_is_in_cb
 .text.timeslot_trigger
                0x0000000000029464       0x24 build/usb_serial_mesh_nrf52840_xxAA_s140_6.0.0_Release/obj/timeslot.o
                0x0000000000029464                timeslot_trigger
 .text.timeslot_stop
                0x0000000000029488       0x10 build/usb_serial_mesh_nrf52840_xxAA_s140_6.0.0_Release/obj/timeslot.o
                0x0000000000029488                timeslot_stop
 .text.timeslot_state_lock
                0x0000000000029498       0x24 build/usb_serial_mesh_nrf52840_xxAA_s140_6.0.0_Release/obj/timeslot.o
                0x0000000000029498                timeslot_state_lock
 .text.trigger_event_handler
                0x00000000000294bc       0x1c build/usb_serial_mesh_nrf52840_xxAA_s140_6.0.0_Release/obj/bearer_event.o
 .text.evt_push
                0x00000000000294d8       0x1c build/usb_serial_mesh_nrf52840_xxAA_s140_6.0.0_Release/obj/bearer_event.o
 .text.bearer_event_init
                0x00000000000294f4       0x48 build/usb_serial_mesh_nrf52840_xxAA_s140_6.0.0_Release/obj/bearer_event.o
                0x00000000000294f4                bearer_event_init
 .text.bearer_event_generic_post
                0x000000000002953c       0x24 build/usb_serial_mesh_nrf52840_xxAA_s140_6.0.0_Release/obj/bearer_event.o
                0x000000000002953c                bearer_event_generic_post
 .text.bearer_event_timer_post
                0x0000000000029560       0x24 build/usb_serial_mesh_nrf52840_xxAA_s140_6.0.0_Release/obj/bearer_event.o
                0x0000000000029560                bearer_event_timer_post
 .text.bearer_event_critical_section_begin
                0x0000000000029584       0x44 build/usb_serial_mesh_nrf52840_xxAA_s140_6.0.0_Release/obj/bearer_event.o
                0x0000000000029584                bearer_event_critical_section_begin
 .text.bearer_event_critical_section_end
                0x00000000000295c8       0x40 build/usb_serial_mesh_nrf52840_xxAA_s140_6.0.0_Release/obj/bearer_event.o
                0x00000000000295c8                bearer_event_critical_section_end
 .text.bearer_event_flag_add
                0x0000000000029608       0x3c build/usb_serial_mesh_nrf52840_xxAA_s140_6.0.0_Release/obj/bearer_event.o
                0x0000000000029608                bearer_event_flag_add
 .text.bearer_event_flag_set
                0x0000000000029644       0x44 build/usb_serial_mesh_nrf52840_xxAA_s140_6.0.0_Release/obj/bearer_event.o
                0x0000000000029644                bearer_event_flag_set
 .text.bearer_event_sequential_add
                0x0000000000029688       0x2e build/usb_serial_mesh_nrf52840_xxAA_s140_6.0.0_Release/obj/bearer_event.o
                0x0000000000029688                bearer_event_sequential_add
 *fill*         0x00000000000296b6        0x2 
 .text.bearer_event_sequential_post
                0x00000000000296b8       0x44 build/usb_serial_mesh_nrf52840_xxAA_s140_6.0.0_Release/obj/bearer_event.o
                0x00000000000296b8                bearer_event_sequential_post
 .text.bearer_event_sequential_pending
                0x00000000000296fc       0x10 build/usb_serial_mesh_nrf52840_xxAA_s140_6.0.0_Release/obj/bearer_event.o
                0x00000000000296fc                bearer_event_sequential_pending
 .text.bearer_event_handler
                0x000000000002970c       0xec build/usb_serial_mesh_nrf52840_xxAA_s140_6.0.0_Release/obj/bearer_event.o
                0x000000000002970c                bearer_event_handler
 .text.QDEC_IRQHandler
                0x00000000000297f8        0x4 build/usb_serial_mesh_nrf52840_xxAA_s140_6.0.0_Release/obj/bearer_event.o
                0x00000000000297f8                QDEC_IRQHandler
 .text.bearer_event_in_correct_irq_priority
                0x00000000000297fc       0x74 build/usb_serial_mesh_nrf52840_xxAA_s140_6.0.0_Release/obj/bearer_event.o
                0x00000000000297fc                bearer_event_in_correct_irq_priority
 .text.sd_ecb_block_encrypt
                0x0000000000029870        0x4 build/usb_serial_mesh_nrf52840_xxAA_s140_6.0.0_Release/obj/enc.o
 .text.enc_aes_encrypt
                0x0000000000029874       0x56 build/usb_serial_mesh_nrf52840_xxAA_s140_6.0.0_Release/obj/enc.o
                0x0000000000029874                enc_aes_encrypt
 .text.enc_aes_cmac
                0x00000000000298ca        0x4 build/usb_serial_mesh_nrf52840_xxAA_s140_6.0.0_Release/obj/enc.o
                0x00000000000298ca                enc_aes_cmac
 .text.enc_aes_ccm_encrypt
                0x00000000000298ce        0x4 build/usb_serial_mesh_nrf52840_xxAA_s140_6.0.0_Release/obj/enc.o
                0x00000000000298ce                enc_aes_ccm_encrypt
 .text.enc_aes_ccm_decrypt
                0x00000000000298d2        0x4 build/usb_serial_mesh_nrf52840_xxAA_s140_6.0.0_Release/obj/enc.o
                0x00000000000298d2                enc_aes_ccm_decrypt
 .text.enc_nonce_generate
                0x00000000000298d6       0xb8 build/usb_serial_mesh_nrf52840_xxAA_s140_6.0.0_Release/obj/enc.o
                0x00000000000298d6                enc_nonce_generate
 .text.enc_s1   0x000000000002998e       0x2c build/usb_serial_mesh_nrf52840_xxAA_s140_6.0.0_Release/obj/enc.o
                0x000000000002998e                enc_s1
 .text.enc_k1   0x00000000000299ba       0x3c build/usb_serial_mesh_nrf52840_xxAA_s140_6.0.0_Release/obj/enc.o
                0x00000000000299ba                enc_k1
 *fill*         0x00000000000299f6        0x2 
 .text.enc_k2   0x00000000000299f8       0xd4 build/usb_serial_mesh_nrf52840_xxAA_s140_6.0.0_Release/obj/enc.o
                0x00000000000299f8                enc_k2
 .text.enc_k3   0x0000000000029acc       0x5c build/usb_serial_mesh_nrf52840_xxAA_s140_6.0.0_Release/obj/enc.o
                0x0000000000029acc                enc_k3
 .text.enc_k4   0x0000000000029b28       0x54 build/usb_serial_mesh_nrf52840_xxAA_s140_6.0.0_Release/obj/enc.o
                0x0000000000029b28                enc_k4
 .text.allocate_packet
                0x0000000000029b7c       0x6a build/usb_serial_mesh_nrf52840_xxAA_s140_6.0.0_Release/obj/network.o
 *fill*         0x0000000000029be6        0x2 
 .text.network_init
                0x0000000000029be8       0x24 build/usb_serial_mesh_nrf52840_xxAA_s140_6.0.0_Release/obj/network.o
                0x0000000000029be8                network_init
 .text.network_enable
                0x0000000000029c0c        0xe build/usb_serial_mesh_nrf52840_xxAA_s140_6.0.0_Release/obj/network.o
                0x0000000000029c0c                network_enable
 .text.network_packet_alloc
                0x0000000000029c1a       0x30 build/usb_serial_mesh_nrf52840_xxAA_s140_6.0.0_Release/obj/network.o
                0x0000000000029c1a                network_packet_alloc
 .text.network_packet_send
                0x0000000000029c4a       0x46 build/usb_serial_mesh_nrf52840_xxAA_s140_6.0.0_Release/obj/network.o
                0x0000000000029c4a                network_packet_send
 .text.network_packet_in
                0x0000000000029c90      0x144 build/usb_serial_mesh_nrf52840_xxAA_s140_6.0.0_Release/obj/network.o
                0x0000000000029c90                network_packet_in
 .text.nonce_type_get
                0x0000000000029dd4       0x16 build/usb_serial_mesh_nrf52840_xxAA_s140_6.0.0_Release/obj/net_packet.o
 .text.header_transfuscate
                0x0000000000029dea       0x5a build/usb_serial_mesh_nrf52840_xxAA_s140_6.0.0_Release/obj/net_packet.o
 .text.net_packet_decrypt
                0x0000000000029e44      0x1f8 build/usb_serial_mesh_nrf52840_xxAA_s140_6.0.0_Release/obj/net_packet.o
                0x0000000000029e44                net_packet_decrypt
 .text.net_packet_encrypt
                0x000000000002a03c       0x7e build/usb_serial_mesh_nrf52840_xxAA_s140_6.0.0_Release/obj/net_packet.o
                0x000000000002a03c                net_packet_encrypt
 .text.net_packet_header_set
                0x000000000002a0ba       0xaa build/usb_serial_mesh_nrf52840_xxAA_s140_6.0.0_Release/obj/net_packet.o
                0x000000000002a0ba                net_packet_header_set
 .text.net_packet_payload_len_get
                0x000000000002a164       0x10 build/usb_serial_mesh_nrf52840_xxAA_s140_6.0.0_Release/obj/net_packet.o
                0x000000000002a164                net_packet_payload_len_get
 .text.net_packet_from_payload
                0x000000000002a174        0x4 build/usb_serial_mesh_nrf52840_xxAA_s140_6.0.0_Release/obj/net_packet.o
                0x000000000002a174                net_packet_from_payload
 .text.net_packet_obfuscation_start_get
                0x000000000002a178        0x4 build/usb_serial_mesh_nrf52840_xxAA_s140_6.0.0_Release/obj/net_packet.o
                0x000000000002a178                net_packet_obfuscation_start_get
 .text.stage_get_available
                0x000000000002a17c       0x24 build/usb_serial_mesh_nrf52840_xxAA_s140_6.0.0_Release/obj/msqueue.o
 .text.msq_get  0x000000000002a1a0       0x38 build/usb_serial_mesh_nrf52840_xxAA_s140_6.0.0_Release/obj/msqueue.o
                0x000000000002a1a0                msq_get
 .text.msq_move
                0x000000000002a1d8       0x2e build/usb_serial_mesh_nrf52840_xxAA_s140_6.0.0_Release/obj/msqueue.o
                0x000000000002a1d8                msq_move
 .text.msq_reset
                0x000000000002a206       0x20 build/usb_serial_mesh_nrf52840_xxAA_s140_6.0.0_Release/obj/msqueue.o
                0x000000000002a206                msq_reset
 .text.msq_init
                0x000000000002a226       0x48 build/usb_serial_mesh_nrf52840_xxAA_s140_6.0.0_Release/obj/msqueue.o
                0x000000000002a226                msq_init
 .text.msq_available
                0x000000000002a26e       0x26 build/usb_serial_mesh_nrf52840_xxAA_s140_6.0.0_Release/obj/msqueue.o
                0x000000000002a26e                msq_available
 .text.nrf_mesh_keygen_aid
                0x000000000002a294       0x12 build/usb_serial_mesh_nrf52840_xxAA_s140_6.0.0_Release/obj/nrf_mesh_keygen.o
                0x000000000002a294                nrf_mesh_keygen_aid
 .text.nrf_mesh_keygen_network_secmat
                0x000000000002a2a6       0x20 build/usb_serial_mesh_nrf52840_xxAA_s140_6.0.0_Release/obj/nrf_mesh_keygen.o
                0x000000000002a2a6                nrf_mesh_keygen_network_secmat
 *fill*         0x000000000002a2c6        0x2 
 .text.nrf_mesh_keygen_beacon_secmat
                0x000000000002a2c8       0x50 build/usb_serial_mesh_nrf52840_xxAA_s140_6.0.0_Release/obj/nrf_mesh_keygen.o
                0x000000000002a2c8                nrf_mesh_keygen_beacon_secmat
 .text.nrf_mesh_keygen_virtual_address
                0x000000000002a318       0x50 build/usb_serial_mesh_nrf52840_xxAA_s140_6.0.0_Release/obj/nrf_mesh_keygen.o
                0x000000000002a318                nrf_mesh_keygen_virtual_address
 .text.list_insert
                0x000000000002a368       0x1c build/usb_serial_mesh_nrf52840_xxAA_s140_6.0.0_Release/obj/list.o
 .text.list_add
                0x000000000002a384       0x42 build/usb_serial_mesh_nrf52840_xxAA_s140_6.0.0_Release/obj/list.o
                0x000000000002a384                list_add
 .text.list_remove
                0x000000000002a3c6       0x3a build/usb_serial_mesh_nrf52840_xxAA_s140_6.0.0_Release/obj/list.o
                0x000000000002a3c6                list_remove
 .text.list_compare_add
                0x000000000002a400       0x56 build/usb_serial_mesh_nrf52840_xxAA_s140_6.0.0_Release/obj/list.o
                0x000000000002a400                list_compare_add
 *fill*         0x000000000002a456        0x2 
 .text.log_callback_rtt
                0x000000000002a458       0x2c build/usb_serial_mesh_nrf52840_xxAA_s140_6.0.0_Release/obj/log.o
                0x000000000002a458                log_callback_rtt
 .text.log_init
                0x000000000002a484       0x1c build/usb_serial_mesh_nrf52840_xxAA_s140_6.0.0_Release/obj/log.o
                0x000000000002a484                log_init
 .text.log_vprintf
                0x000000000002a4a0       0x1c build/usb_serial_mesh_nrf52840_xxAA_s140_6.0.0_Release/obj/log.o
                0x000000000002a4a0                log_vprintf
 .text.log_printf
                0x000000000002a4bc       0x18 build/usb_serial_mesh_nrf52840_xxAA_s140_6.0.0_Release/obj/log.o
                0x000000000002a4bc                log_printf
 .text.get_area_end
                0x000000000002a4d4        0xc build/usb_serial_mesh_nrf52840_xxAA_s140_6.0.0_Release/obj/flash_manager.o
 .text.handle_matches_filter
                0x000000000002a4e0       0x26 build/usb_serial_mesh_nrf52840_xxAA_s140_6.0.0_Release/obj/flash_manager.o
 *fill*         0x000000000002a506        0x2 
 .text.get_next_entry
                0x000000000002a508       0x34 build/usb_serial_mesh_nrf52840_xxAA_s140_6.0.0_Release/obj/flash_manager.o
 .text.flash_manager_entry_next_get
                0x000000000002a53c       0x5a build/usb_serial_mesh_nrf52840_xxAA_s140_6.0.0_Release/obj/flash_manager.o
                0x000000000002a53c                flash_manager_entry_next_get
 *fill*         0x000000000002a596        0x2 
 .text.flash_manager_is_stable
                0x000000000002a598       0x24 build/usb_serial_mesh_nrf52840_xxAA_s140_6.0.0_Release/obj/flash_manager.o
                0x000000000002a598                flash_manager_is_stable
 .text.utils_xor
                0x000000000002a5bc       0x14 build/usb_serial_mesh_nrf52840_xxAA_s140_6.0.0_Release/obj/ccm_soft.o
 .text.sd_ecb_block_encrypt
                0x000000000002a5d0        0x4 build/usb_serial_mesh_nrf52840_xxAA_s140_6.0.0_Release/obj/ccm_soft.o
 .text.ccm_soft_crypt
                0x000000000002a5d4       0x4c build/usb_serial_mesh_nrf52840_xxAA_s140_6.0.0_Release/obj/ccm_soft.o
 .text.ccm_soft_authenticate_blocks
                0x000000000002a620       0x6c build/usb_serial_mesh_nrf52840_xxAA_s140_6.0.0_Release/obj/ccm_soft.o
 .text.ccm_soft_authenticate
                0x000000000002a68c       0xa2 build/usb_serial_mesh_nrf52840_xxAA_s140_6.0.0_Release/obj/ccm_soft.o
 .text.ccm_soft_encrypt
                0x000000000002a72e       0x70 build/usb_serial_mesh_nrf52840_xxAA_s140_6.0.0_Release/obj/ccm_soft.o
                0x000000000002a72e                ccm_soft_encrypt
 .text.ccm_soft_decrypt
                0x000000000002a79e       0xce build/usb_serial_mesh_nrf52840_xxAA_s140_6.0.0_Release/obj/ccm_soft.o
                0x000000000002a79e                ccm_soft_decrypt
 .text.replay_cache_add
                0x000000000002a86c       0x58 build/usb_serial_mesh_nrf52840_xxAA_s140_6.0.0_Release/obj/replay_cache.o
                0x000000000002a86c                replay_cache_add
 .text.replay_cache_has_elem
                0x000000000002a8c4       0x40 build/usb_serial_mesh_nrf52840_xxAA_s140_6.0.0_Release/obj/replay_cache.o
                0x000000000002a8c4                replay_cache_has_elem
 .text.replay_cache_clear
                0x000000000002a904       0x20 build/usb_serial_mesh_nrf52840_xxAA_s140_6.0.0_Release/obj/replay_cache.o
                0x000000000002a904                replay_cache_clear
 .text.replay_cache_init
                0x000000000002a924        0x4 build/usb_serial_mesh_nrf52840_xxAA_s140_6.0.0_Release/obj/replay_cache.o
                0x000000000002a924                replay_cache_init
 .text.beacon_create
                0x000000000002a928       0x46 build/usb_serial_mesh_nrf52840_xxAA_s140_6.0.0_Release/obj/beacon.o
                0x000000000002a928                beacon_create
 *fill*         0x000000000002a96e        0x2 
 .text.beacon_packet_in
                0x000000000002a970      0x10c build/usb_serial_mesh_nrf52840_xxAA_s140_6.0.0_Release/obj/beacon.o
                0x000000000002a970                beacon_packet_in
 .text.core_tx_complete_cb_set
                0x000000000002aa7c        0xc build/usb_serial_mesh_nrf52840_xxAA_s140_6.0.0_Release/obj/core_tx.o
                0x000000000002aa7c                core_tx_complete_cb_set
 .text.core_tx_packet_alloc
                0x000000000002aa88       0x98 build/usb_serial_mesh_nrf52840_xxAA_s140_6.0.0_Release/obj/core_tx.o
                0x000000000002aa88                core_tx_packet_alloc
 .text.core_tx_packet_send
                0x000000000002ab20       0x4c build/usb_serial_mesh_nrf52840_xxAA_s140_6.0.0_Release/obj/core_tx.o
                0x000000000002ab20                core_tx_packet_send
 .text.core_tx_packet_discard
                0x000000000002ab6c       0x40 build/usb_serial_mesh_nrf52840_xxAA_s140_6.0.0_Release/obj/core_tx.o
                0x000000000002ab6c                core_tx_packet_discard
 .text.core_tx_complete
                0x000000000002abac       0x34 build/usb_serial_mesh_nrf52840_xxAA_s140_6.0.0_Release/obj/core_tx.o
                0x000000000002abac                core_tx_complete
 .text.core_tx_bearer_add
                0x000000000002abe0       0x70 build/usb_serial_mesh_nrf52840_xxAA_s140_6.0.0_Release/obj/core_tx.o
                0x000000000002abe0                core_tx_bearer_add
 .text.is_publication_running
                0x000000000002ac50       0x14 build/usb_serial_mesh_nrf52840_xxAA_s140_6.0.0_Release/obj/heartbeat.o
 .text.heartbeat_publication_count_decrement
                0x000000000002ac64       0x1c build/usb_serial_mesh_nrf52840_xxAA_s140_6.0.0_Release/obj/heartbeat.o
 .text.hb_pub_getter
                0x000000000002ac80       0x2c build/usb_serial_mesh_nrf52840_xxAA_s140_6.0.0_Release/obj/heartbeat.o
 .text.hb_pub_setter
                0x000000000002acac       0x30 build/usb_serial_mesh_nrf52840_xxAA_s140_6.0.0_Release/obj/heartbeat.o
 .text.heartbeat_subscription_timer_cb
                0x000000000002acdc       0x1c build/usb_serial_mesh_nrf52840_xxAA_s140_6.0.0_Release/obj/heartbeat.o
 .text.heartbeat_opcode_handle
                0x000000000002acf8       0x88 build/usb_serial_mesh_nrf52840_xxAA_s140_6.0.0_Release/obj/heartbeat.o
 .text.heartbeat_send
                0x000000000002ad80       0x80 build/usb_serial_mesh_nrf52840_xxAA_s140_6.0.0_Release/obj/heartbeat.o
 .text.heartbeat_core_evt_cb
                0x000000000002ae00       0x6c build/usb_serial_mesh_nrf52840_xxAA_s140_6.0.0_Release/obj/heartbeat.o
 .text.heartbeat_publication_timer_cb
                0x000000000002ae6c       0x98 build/usb_serial_mesh_nrf52840_xxAA_s140_6.0.0_Release/obj/heartbeat.o
 .text.heartbeat_relay_listener_cb
                0x000000000002af04       0x4c build/usb_serial_mesh_nrf52840_xxAA_s140_6.0.0_Release/obj/heartbeat.o
 .text.heartbeat_init
                0x000000000002af50       0x78 build/usb_serial_mesh_nrf52840_xxAA_s140_6.0.0_Release/obj/heartbeat.o
                0x000000000002af50                heartbeat_init
 .text.heartbeat_subscription_set
                0x000000000002afc8       0xa0 build/usb_serial_mesh_nrf52840_xxAA_s140_6.0.0_Release/obj/heartbeat.o
                0x000000000002afc8                heartbeat_subscription_set
 .text.heartbeat_subscription_get
                0x000000000002b068        0x8 build/usb_serial_mesh_nrf52840_xxAA_s140_6.0.0_Release/obj/heartbeat.o
                0x000000000002b068                heartbeat_subscription_get
 .text.heartbeat_publication_get
                0x000000000002b070        0x8 build/usb_serial_mesh_nrf52840_xxAA_s140_6.0.0_Release/obj/heartbeat.o
                0x000000000002b070                heartbeat_publication_get
 .text.heartbeat_publication_state_updated
                0x000000000002b078       0x80 build/usb_serial_mesh_nrf52840_xxAA_s140_6.0.0_Release/obj/heartbeat.o
                0x000000000002b078                heartbeat_publication_state_updated
 .text.heartbeat_public_info_getter_register
                0x000000000002b0f8       0x14 build/usb_serial_mesh_nrf52840_xxAA_s140_6.0.0_Release/obj/heartbeat.o
                0x000000000002b0f8                heartbeat_public_info_getter_register
 .text.beacon_getter
                0x000000000002b10c       0x24 build/usb_serial_mesh_nrf52840_xxAA_s140_6.0.0_Release/obj/net_beacon.o
 .text.beacon_setter
                0x000000000002b130       0x4c build/usb_serial_mesh_nrf52840_xxAA_s140_6.0.0_Release/obj/net_beacon.o
 .text.make_network_beacon_packet
                0x000000000002b17c       0x4e build/usb_serial_mesh_nrf52840_xxAA_s140_6.0.0_Release/obj/net_beacon.o
 *fill*         0x000000000002b1ca        0x2 
 .text.beacon_tx
                0x000000000002b1cc      0x108 build/usb_serial_mesh_nrf52840_xxAA_s140_6.0.0_Release/obj/net_beacon.o
 .text.tx_complete_cb
                0x000000000002b2d4        0xe build/usb_serial_mesh_nrf52840_xxAA_s140_6.0.0_Release/obj/net_beacon.o
 .text.beacon_tx_timeout
                0x000000000002b2e2        0x4 build/usb_serial_mesh_nrf52840_xxAA_s140_6.0.0_Release/obj/net_beacon.o
 .text.is_valid_beacon_pkt.part.0
                0x000000000002b2e6       0x30 build/usb_serial_mesh_nrf52840_xxAA_s140_6.0.0_Release/obj/net_beacon.o
 *fill*         0x000000000002b316        0x2 
 .text.net_beacon_init
                0x000000000002b318       0x7c build/usb_serial_mesh_nrf52840_xxAA_s140_6.0.0_Release/obj/net_beacon.o
                0x000000000002b318                net_beacon_init
 .text.net_beacon_enable
                0x000000000002b394       0x28 build/usb_serial_mesh_nrf52840_xxAA_s140_6.0.0_Release/obj/net_beacon.o
                0x000000000002b394                net_beacon_enable
 .text.net_beacon_state_set
                0x000000000002b3bc       0x20 build/usb_serial_mesh_nrf52840_xxAA_s140_6.0.0_Release/obj/net_beacon.o
                0x000000000002b3bc                net_beacon_state_set
 .text.net_beacon_state_get
                0x000000000002b3dc       0x24 build/usb_serial_mesh_nrf52840_xxAA_s140_6.0.0_Release/obj/net_beacon.o
                0x000000000002b3dc                net_beacon_state_get
 .text.net_beacon_packet_in
                0x000000000002b400       0xda build/usb_serial_mesh_nrf52840_xxAA_s140_6.0.0_Release/obj/net_beacon.o
                0x000000000002b400                net_beacon_packet_in
 *fill*         0x000000000002b4da        0x2 
 .text.entry_params_find
                0x000000000002b4dc       0x2c build/usb_serial_mesh_nrf52840_xxAA_s140_6.0.0_Release/obj/mesh_config.o
 .text.entry_flags_get.isra.1
                0x000000000002b508       0x1c build/usb_serial_mesh_nrf52840_xxAA_s140_6.0.0_Release/obj/mesh_config.o
 .text.restore_callback
                0x000000000002b524       0x66 build/usb_serial_mesh_nrf52840_xxAA_s140_6.0.0_Release/obj/mesh_config.o
 *fill*         0x000000000002b58a        0x2 
 .text.listeners_notify
                0x000000000002b58c       0x40 build/usb_serial_mesh_nrf52840_xxAA_s140_6.0.0_Release/obj/mesh_config.o
 .text.mesh_config_load
                0x000000000002b5cc        0xc build/usb_serial_mesh_nrf52840_xxAA_s140_6.0.0_Release/obj/mesh_config.o
                0x000000000002b5cc                mesh_config_load
 .text.mesh_config_entry_set
                0x000000000002b5d8       0x4e build/usb_serial_mesh_nrf52840_xxAA_s140_6.0.0_Release/obj/mesh_config.o
                0x000000000002b5d8                mesh_config_entry_set
 .text.mesh_config_entry_get
                0x000000000002b626       0x48 build/usb_serial_mesh_nrf52840_xxAA_s140_6.0.0_Release/obj/mesh_config.o
                0x000000000002b626                mesh_config_entry_get
 *fill*         0x000000000002b66e        0x2 
 .text.mesh_config_backend_read_all
                0x000000000002b670       0x6c build/usb_serial_mesh_nrf52840_xxAA_s140_6.0.0_Release/obj/mesh_config_backend.o
                0x000000000002b670                mesh_config_backend_read_all
 .text.mesh_config_backend_record_iterate
                0x000000000002b6dc       0x34 build/usb_serial_mesh_nrf52840_xxAA_s140_6.0.0_Release/obj/mesh_config_flashman_glue.o
                0x000000000002b6dc                mesh_config_backend_record_iterate
 .text.core_tx_set
                0x000000000002b710       0xac build/usb_serial_mesh_nrf52840_xxAA_s140_6.0.0_Release/obj/core_tx_adv.o
 .text.packet_discard
                0x000000000002b7bc       0x40 build/usb_serial_mesh_nrf52840_xxAA_s140_6.0.0_Release/obj/core_tx_adv.o
 .text.packet_send
                0x000000000002b7fc       0x58 build/usb_serial_mesh_nrf52840_xxAA_s140_6.0.0_Release/obj/core_tx_adv.o
 .text.packet_alloc
                0x000000000002b854       0x58 build/usb_serial_mesh_nrf52840_xxAA_s140_6.0.0_Release/obj/core_tx_adv.o
 .text.adv_tx_complete_callback
                0x000000000002b8ac       0x20 build/usb_serial_mesh_nrf52840_xxAA_s140_6.0.0_Release/obj/core_tx_adv.o
 .text.core_tx_get
                0x000000000002b8cc       0x8c build/usb_serial_mesh_nrf52840_xxAA_s140_6.0.0_Release/obj/core_tx_adv.o
 .text.mesh_opt_core_adv_set
                0x000000000002b958       0x22 build/usb_serial_mesh_nrf52840_xxAA_s140_6.0.0_Release/obj/core_tx_adv.o
                0x000000000002b958                mesh_opt_core_adv_set
 .text.mesh_opt_core_adv_get
                0x000000000002b97a       0x22 build/usb_serial_mesh_nrf52840_xxAA_s140_6.0.0_Release/obj/core_tx_adv.o
                0x000000000002b97a                mesh_opt_core_adv_get
 .text.core_tx_adv_init
                0x000000000002b99c       0x68 build/usb_serial_mesh_nrf52840_xxAA_s140_6.0.0_Release/obj/core_tx_adv.o
                0x000000000002b99c                core_tx_adv_init
 .text.core_tx_adv_is_enabled
                0x000000000002ba04       0x20 build/usb_serial_mesh_nrf52840_xxAA_s140_6.0.0_Release/obj/core_tx_adv.o
                0x000000000002ba04                core_tx_adv_is_enabled
 .text.do_transmit
                0x000000000002ba24       0x44 build/usb_serial_mesh_nrf52840_xxAA_s140_6.0.0_Release/obj/serial_bearer.o
 .text.char_tx  0x000000000002ba68       0x78 build/usb_serial_mesh_nrf52840_xxAA_s140_6.0.0_Release/obj/serial_bearer.o
 .text.serial_bearer_init
                0x000000000002bae0       0x78 build/usb_serial_mesh_nrf52840_xxAA_s140_6.0.0_Release/obj/serial_bearer.o
                0x000000000002bae0                serial_bearer_init
 .text.serial_bearer_packet_buffer_get
                0x000000000002bb58       0x24 build/usb_serial_mesh_nrf52840_xxAA_s140_6.0.0_Release/obj/serial_bearer.o
                0x000000000002bb58                serial_bearer_packet_buffer_get
 .text.serial_bearer_tx
                0x000000000002bb7c       0x54 build/usb_serial_mesh_nrf52840_xxAA_s140_6.0.0_Release/obj/serial_bearer.o
                0x000000000002bb7c                serial_bearer_tx
 .text.send_cmd_response.constprop.5
                0x000000000002bbd0       0x20 build/usb_serial_mesh_nrf52840_xxAA_s140_6.0.0_Release/obj/serial_bearer.o
 .text.char_rx  0x000000000002bbf0       0xc0 build/usb_serial_mesh_nrf52840_xxAA_s140_6.0.0_Release/obj/serial_bearer.o
 .text.serial_bearer_rx_get
                0x000000000002bcb0       0x38 build/usb_serial_mesh_nrf52840_xxAA_s140_6.0.0_Release/obj/serial_bearer.o
                0x000000000002bcb0                serial_bearer_rx_get
 .text.serial_handler_common_cmd_rsp_nodata_on_error
                0x000000000002bce8       0x2a build/usb_serial_mesh_nrf52840_xxAA_s140_6.0.0_Release/obj/serial_handler_common.o
                0x000000000002bce8                serial_handler_common_cmd_rsp_nodata_on_error
 .text.serial_handler_common_rx
                0x000000000002bd12       0x4a build/usb_serial_mesh_nrf52840_xxAA_s140_6.0.0_Release/obj/serial_handler_common.o
                0x000000000002bd12                serial_handler_common_rx
 .text.access_flash_store
                0x000000000002bd5c       0x18 build/usb_serial_mesh_nrf52840_xxAA_s140_6.0.0_Release/obj/serial_handler_access.o
 .text.elem_models_get
                0x000000000002bd74       0x44 build/usb_serial_mesh_nrf52840_xxAA_s140_6.0.0_Release/obj/serial_handler_access.o
 .text.handle_get
                0x000000000002bdb8       0x1e build/usb_serial_mesh_nrf52840_xxAA_s140_6.0.0_Release/obj/serial_handler_access.o
 .text.model_id_get
                0x000000000002bdd6       0x1e build/usb_serial_mesh_nrf52840_xxAA_s140_6.0.0_Release/obj/serial_handler_access.o
 .text.elem_vendor_model_cnt_get
                0x000000000002bdf4       0x1c build/usb_serial_mesh_nrf52840_xxAA_s140_6.0.0_Release/obj/serial_handler_access.o
 .text.elem_sig_model_cnt_get
                0x000000000002be10       0x1c build/usb_serial_mesh_nrf52840_xxAA_s140_6.0.0_Release/obj/serial_handler_access.o
 .text.elem_loc_get
                0x000000000002be2c       0x1c build/usb_serial_mesh_nrf52840_xxAA_s140_6.0.0_Release/obj/serial_handler_access.o
 .text.elem_loc_set
                0x000000000002be48       0x22 build/usb_serial_mesh_nrf52840_xxAA_s140_6.0.0_Release/obj/serial_handler_access.o
 .text.model_pub_ttl_get
                0x000000000002be6a       0x1c build/usb_serial_mesh_nrf52840_xxAA_s140_6.0.0_Release/obj/serial_handler_access.o
 .text.model_pub_ttl_set
                0x000000000002be86       0x22 build/usb_serial_mesh_nrf52840_xxAA_s140_6.0.0_Release/obj/serial_handler_access.o
 .text.model_pub_app_get
                0x000000000002bea8       0x1c build/usb_serial_mesh_nrf52840_xxAA_s140_6.0.0_Release/obj/serial_handler_access.o
 .text.model_pub_app_set
                0x000000000002bec4       0x22 build/usb_serial_mesh_nrf52840_xxAA_s140_6.0.0_Release/obj/serial_handler_access.o
 .text.model_app_get
                0x000000000002bee6       0x44 build/usb_serial_mesh_nrf52840_xxAA_s140_6.0.0_Release/obj/serial_handler_access.o
 .text.model_app_unbind
                0x000000000002bf2a       0x22 build/usb_serial_mesh_nrf52840_xxAA_s140_6.0.0_Release/obj/serial_handler_access.o
 .text.model_app_bind
                0x000000000002bf4c       0x22 build/usb_serial_mesh_nrf52840_xxAA_s140_6.0.0_Release/obj/serial_handler_access.o
 .text.model_subs_get
                0x000000000002bf6e       0x44 build/usb_serial_mesh_nrf52840_xxAA_s140_6.0.0_Release/obj/serial_handler_access.o
 .text.model_subs_remove
                0x000000000002bfb2       0x22 build/usb_serial_mesh_nrf52840_xxAA_s140_6.0.0_Release/obj/serial_handler_access.o
 .text.model_subs_add
                0x000000000002bfd4       0x22 build/usb_serial_mesh_nrf52840_xxAA_s140_6.0.0_Release/obj/serial_handler_access.o
 .text.model_pub_period_get
                0x000000000002bff6       0x20 build/usb_serial_mesh_nrf52840_xxAA_s140_6.0.0_Release/obj/serial_handler_access.o
 .text.model_pub_period_set
                0x000000000002c016       0x24 build/usb_serial_mesh_nrf52840_xxAA_s140_6.0.0_Release/obj/serial_handler_access.o
 .text.model_pub_addr_get
                0x000000000002c03a       0x1c build/usb_serial_mesh_nrf52840_xxAA_s140_6.0.0_Release/obj/serial_handler_access.o
 .text.model_pub_addr_set
                0x000000000002c056       0x22 build/usb_serial_mesh_nrf52840_xxAA_s140_6.0.0_Release/obj/serial_handler_access.o
 .text.serial_handler_access_rx
                0x000000000002c078       0x24 build/usb_serial_mesh_nrf52840_xxAA_s140_6.0.0_Release/obj/serial_handler_access.o
                0x000000000002c078                serial_handler_access_rx
 .text.serial_handler_config_rx
                0x000000000002c09c       0xb6 build/usb_serial_mesh_nrf52840_xxAA_s140_6.0.0_Release/obj/serial_handler_config.o
                0x000000000002c09c                serial_handler_config_rx
 .text.serial_handler_openmesh_rx
                0x000000000002c152       0x36 build/usb_serial_mesh_nrf52840_xxAA_s140_6.0.0_Release/obj/serial_handler_openmesh.o
                0x000000000002c152                serial_handler_openmesh_rx
 .text.serial_init
                0x000000000002c188       0x1c build/usb_serial_mesh_nrf52840_xxAA_s140_6.0.0_Release/obj/serial.o
                0x000000000002c188                serial_init
 .text.serial_packet_buffer_get
                0x000000000002c1a4       0x34 build/usb_serial_mesh_nrf52840_xxAA_s140_6.0.0_Release/obj/serial.o
                0x000000000002c1a4                serial_packet_buffer_get
 .text.serial_tx
                0x000000000002c1d8       0x20 build/usb_serial_mesh_nrf52840_xxAA_s140_6.0.0_Release/obj/serial.o
                0x000000000002c1d8                serial_tx
 .text.serial_start
                0x000000000002c1f8       0xb0 build/usb_serial_mesh_nrf52840_xxAA_s140_6.0.0_Release/obj/serial.o
                0x000000000002c1f8                serial_start
 .text.serial_process
                0x000000000002c2a8       0x30 build/usb_serial_mesh_nrf52840_xxAA_s140_6.0.0_Release/obj/serial.o
                0x000000000002c2a8                serial_process
 .text.serial_translate_error
                0x000000000002c2d8       0x60 build/usb_serial_mesh_nrf52840_xxAA_s140_6.0.0_Release/obj/serial.o
                0x000000000002c2d8                serial_translate_error
 .text.serial_state_get
                0x000000000002c338        0xc build/usb_serial_mesh_nrf52840_xxAA_s140_6.0.0_Release/obj/serial.o
                0x000000000002c338                serial_state_get
 .text.serial_cmd_rsp_send
                0x000000000002c344       0x58 build/usb_serial_mesh_nrf52840_xxAA_s140_6.0.0_Release/obj/serial.o
                0x000000000002c344                serial_cmd_rsp_send
 .text.serial_process_cmd
                0x000000000002c39c       0x94 build/usb_serial_mesh_nrf52840_xxAA_s140_6.0.0_Release/obj/serial.o
 .text.find_context_id
                0x000000000002c430       0x20 build/usb_serial_mesh_nrf52840_xxAA_s140_6.0.0_Release/obj/serial_handler_prov.o
 .text.serial_handler_prov_evt_in
                0x000000000002c450      0x268 build/usb_serial_mesh_nrf52840_xxAA_s140_6.0.0_Release/obj/serial_handler_prov.o
 .text.serial_handler_prov_init
                0x000000000002c6b8       0x98 build/usb_serial_mesh_nrf52840_xxAA_s140_6.0.0_Release/obj/serial_handler_prov.o
                0x000000000002c6b8                serial_handler_prov_init
 .text.serial_handler_prov_pkt_in
                0x000000000002c750      0x238 build/usb_serial_mesh_nrf52840_xxAA_s140_6.0.0_Release/obj/serial_handler_prov.o
                0x000000000002c750                serial_handler_prov_pkt_in
 .text.serial_handler_mesh_evt_handle
                0x000000000002c988      0x152 build/usb_serial_mesh_nrf52840_xxAA_s140_6.0.0_Release/obj/serial_handler_dfu.o
 *fill*         0x000000000002cada        0x2 
 .text.serial_handler_dfu_init
                0x000000000002cadc       0x14 build/usb_serial_mesh_nrf52840_xxAA_s140_6.0.0_Release/obj/serial_handler_dfu.o
                0x000000000002cadc                serial_handler_dfu_init
 .text.serial_handler_dfu_rx
                0x000000000002caf0      0x158 build/usb_serial_mesh_nrf52840_xxAA_s140_6.0.0_Release/obj/serial_handler_dfu.o
                0x000000000002caf0                serial_handler_dfu_rx
 .text.handle_cmd_clear
                0x000000000002cc48       0x20 build/usb_serial_mesh_nrf52840_xxAA_s140_6.0.0_Release/obj/serial_handler_mesh.o
 .text.handle_cmd_packet_send
                0x000000000002cc68       0xa0 build/usb_serial_mesh_nrf52840_xxAA_s140_6.0.0_Release/obj/serial_handler_mesh.o
 .text.handle_cmd_addr_nonvirtual_count_max_get
                0x000000000002cd08       0x1a build/usb_serial_mesh_nrf52840_xxAA_s140_6.0.0_Release/obj/serial_handler_mesh.o
 .text.handle_cmd_addr_local_unicast_get
                0x000000000002cd22       0x2c build/usb_serial_mesh_nrf52840_xxAA_s140_6.0.0_Release/obj/serial_handler_mesh.o
 .text.handle_cmd_devkey_count_max_get
                0x000000000002cd4e       0x1a build/usb_serial_mesh_nrf52840_xxAA_s140_6.0.0_Release/obj/serial_handler_mesh.o
 .text.handle_cmd_subnet_count_max_get
                0x000000000002cd68       0x1a build/usb_serial_mesh_nrf52840_xxAA_s140_6.0.0_Release/obj/serial_handler_mesh.o
 .text.handle_cmd_appkey_count_max_get
                0x000000000002cd82        0x4 build/usb_serial_mesh_nrf52840_xxAA_s140_6.0.0_Release/obj/serial_handler_mesh.o
 .text.handle_cmd_addr_virtual_count_max_get
                0x000000000002cd86        0x4 build/usb_serial_mesh_nrf52840_xxAA_s140_6.0.0_Release/obj/serial_handler_mesh.o
 .text.handle_cmd_addr_get_all
                0x000000000002cd8a       0x2c build/usb_serial_mesh_nrf52840_xxAA_s140_6.0.0_Release/obj/serial_handler_mesh.o
 .text.handle_cmd_addr_get
                0x000000000002cdb6       0x72 build/usb_serial_mesh_nrf52840_xxAA_s140_6.0.0_Release/obj/serial_handler_mesh.o
 .text.handle_cmd_addr_publication_remove
                0x000000000002ce28       0x26 build/usb_serial_mesh_nrf52840_xxAA_s140_6.0.0_Release/obj/serial_handler_mesh.o
 .text.handle_cmd_addr_publication_add_virtual
                0x000000000002ce4e       0x26 build/usb_serial_mesh_nrf52840_xxAA_s140_6.0.0_Release/obj/serial_handler_mesh.o
 .text.handle_cmd_addr_publication_add
                0x000000000002ce74       0x26 build/usb_serial_mesh_nrf52840_xxAA_s140_6.0.0_Release/obj/serial_handler_mesh.o
 .text.handle_cmd_addr_subscription_remove
                0x000000000002ce9a       0x26 build/usb_serial_mesh_nrf52840_xxAA_s140_6.0.0_Release/obj/serial_handler_mesh.o
 .text.handle_cmd_addr_subscription_add_virtual
                0x000000000002cec0       0x26 build/usb_serial_mesh_nrf52840_xxAA_s140_6.0.0_Release/obj/serial_handler_mesh.o
 .text.handle_cmd_addr_subscription_add
                0x000000000002cee6       0x26 build/usb_serial_mesh_nrf52840_xxAA_s140_6.0.0_Release/obj/serial_handler_mesh.o
 .text.handle_cmd_addr_local_unicast_set
                0x000000000002cf0c       0x32 build/usb_serial_mesh_nrf52840_xxAA_s140_6.0.0_Release/obj/serial_handler_mesh.o
 .text.handle_cmd_devkey_delete
                0x000000000002cf3e       0x26 build/usb_serial_mesh_nrf52840_xxAA_s140_6.0.0_Release/obj/serial_handler_mesh.o
 .text.handle_cmd_devkey_add
                0x000000000002cf64       0x20 build/usb_serial_mesh_nrf52840_xxAA_s140_6.0.0_Release/obj/serial_handler_mesh.o
 .text.handle_cmd_appkey_get_all
                0x000000000002cf84       0x3a build/usb_serial_mesh_nrf52840_xxAA_s140_6.0.0_Release/obj/serial_handler_mesh.o
 .text.handle_cmd_appkey_delete
                0x000000000002cfbe       0x26 build/usb_serial_mesh_nrf52840_xxAA_s140_6.0.0_Release/obj/serial_handler_mesh.o
 .text.handle_cmd_appkey_update
                0x000000000002cfe4       0x28 build/usb_serial_mesh_nrf52840_xxAA_s140_6.0.0_Release/obj/serial_handler_mesh.o
 .text.handle_cmd_appkey_add
                0x000000000002d00c       0x2a build/usb_serial_mesh_nrf52840_xxAA_s140_6.0.0_Release/obj/serial_handler_mesh.o
 .text.handle_cmd_subnet_get_all
                0x000000000002d036       0x2c build/usb_serial_mesh_nrf52840_xxAA_s140_6.0.0_Release/obj/serial_handler_mesh.o
 .text.handle_cmd_subnet_delete
                0x000000000002d062       0x26 build/usb_serial_mesh_nrf52840_xxAA_s140_6.0.0_Release/obj/serial_handler_mesh.o
 .text.handle_cmd_subnet_update
                0x000000000002d088       0x28 build/usb_serial_mesh_nrf52840_xxAA_s140_6.0.0_Release/obj/serial_handler_mesh.o
 .text.handle_cmd_subnet_add
                0x000000000002d0b0       0x28 build/usb_serial_mesh_nrf52840_xxAA_s140_6.0.0_Release/obj/serial_handler_mesh.o
 .text.handle_cmd_disable
                0x000000000002d0d8       0x18 build/usb_serial_mesh_nrf52840_xxAA_s140_6.0.0_Release/obj/serial_handler_mesh.o
 .text.handle_cmd_enable
                0x000000000002d0f0       0x18 build/usb_serial_mesh_nrf52840_xxAA_s140_6.0.0_Release/obj/serial_handler_mesh.o
 .text.serial_handler_mesh_evt_handle
                0x000000000002d108       0xec build/usb_serial_mesh_nrf52840_xxAA_s140_6.0.0_Release/obj/serial_handler_mesh.o
 .text.serial_handler_mesh_init
                0x000000000002d1f4       0x14 build/usb_serial_mesh_nrf52840_xxAA_s140_6.0.0_Release/obj/serial_handler_mesh.o
                0x000000000002d1f4                serial_handler_mesh_init
 .text.serial_handler_mesh_rx
                0x000000000002d208       0x6c build/usb_serial_mesh_nrf52840_xxAA_s140_6.0.0_Release/obj/serial_handler_mesh.o
                0x000000000002d208                serial_handler_mesh_rx
 .text.registered_model_get
                0x000000000002d274       0x38 build/usb_serial_mesh_nrf52840_xxAA_s140_6.0.0_Release/obj/serial_handler_models.o
 .text.model_command
                0x000000000002d2ac       0x5e build/usb_serial_mesh_nrf52840_xxAA_s140_6.0.0_Release/obj/serial_handler_models.o
 .text.model_init
                0x000000000002d30a       0x3a build/usb_serial_mesh_nrf52840_xxAA_s140_6.0.0_Release/obj/serial_handler_models.o
 .text.models_get
                0x000000000002d344       0x50 build/usb_serial_mesh_nrf52840_xxAA_s140_6.0.0_Release/obj/serial_handler_models.o
 .text.serial_handler_models_rx
                0x000000000002d394       0x24 build/usb_serial_mesh_nrf52840_xxAA_s140_6.0.0_Release/obj/serial_handler_models.o
                0x000000000002d394                serial_handler_models_rx
 .text.handle_cmd_hk_data_clear
                0x000000000002d3b8       0x14 build/usb_serial_mesh_nrf52840_xxAA_s140_6.0.0_Release/obj/serial_handler_device.o
 .text.handle_cmd_hk_data_get
                0x000000000002d3cc       0x20 build/usb_serial_mesh_nrf52840_xxAA_s140_6.0.0_Release/obj/serial_handler_device.o
 .text.handle_cmd_device_serial_version_get
                0x000000000002d3ec       0x1a build/usb_serial_mesh_nrf52840_xxAA_s140_6.0.0_Release/obj/serial_handler_device.o
 .text.handle_cmd_device_internal_events_report
                0x000000000002d406        0xc build/usb_serial_mesh_nrf52840_xxAA_s140_6.0.0_Release/obj/serial_handler_device.o
 .text.handle_cmd_device_fw_info_get
                0x000000000002d412        0x4 build/usb_serial_mesh_nrf52840_xxAA_s140_6.0.0_Release/obj/serial_handler_device.o
 *fill*         0x000000000002d416        0x2 
 .text.handle_cmd_device_beacon_params_set
                0x000000000002d418       0x6c build/usb_serial_mesh_nrf52840_xxAA_s140_6.0.0_Release/obj/serial_handler_device.o
 .text.handle_cmd_device_beacon_stop
                0x000000000002d484       0x44 build/usb_serial_mesh_nrf52840_xxAA_s140_6.0.0_Release/obj/serial_handler_device.o
 .text.handle_cmd_device_beacon_start
                0x000000000002d4c8       0x70 build/usb_serial_mesh_nrf52840_xxAA_s140_6.0.0_Release/obj/serial_handler_device.o
 .text.handle_cmd_device_radio_reset
                0x000000000002d538       0x1a build/usb_serial_mesh_nrf52840_xxAA_s140_6.0.0_Release/obj/serial_handler_device.o
 .text.handle_cmd_device_echo
                0x000000000002d552       0x2a build/usb_serial_mesh_nrf52840_xxAA_s140_6.0.0_Release/obj/serial_handler_device.o
 .text.handle_cmd_device_beacon_params_get
                0x000000000002d57c       0x88 build/usb_serial_mesh_nrf52840_xxAA_s140_6.0.0_Release/obj/serial_handler_device.o
 .text.serial_handler_device_init
                0x000000000002d604       0x20 build/usb_serial_mesh_nrf52840_xxAA_s140_6.0.0_Release/obj/serial_handler_device.o
                0x000000000002d604                serial_handler_device_init
 .text.serial_handler_device_rx
                0x000000000002d624       0x24 build/usb_serial_mesh_nrf52840_xxAA_s140_6.0.0_Release/obj/serial_handler_device.o
                0x000000000002d624                serial_handler_device_rx
 .text.serial_handler_device_alloc_fail_report
                0x000000000002d648       0x14 build/usb_serial_mesh_nrf52840_xxAA_s140_6.0.0_Release/obj/serial_handler_device.o
                0x000000000002d648                serial_handler_device_alloc_fail_report
 .text.nrf_mesh_serial_init
                0x000000000002d65c       0x36 build/usb_serial_mesh_nrf52840_xxAA_s140_6.0.0_Release/obj/nrf_mesh_serial.o
                0x000000000002d65c                nrf_mesh_serial_init
 .text.nrf_mesh_serial_enable
                0x000000000002d692        0x4 build/usb_serial_mesh_nrf52840_xxAA_s140_6.0.0_Release/obj/nrf_mesh_serial.o
                0x000000000002d692                nrf_mesh_serial_enable
 *fill*         0x000000000002d696        0x2 
 .text.serial_handler_app_cb_set
                0x000000000002d698        0xc build/usb_serial_mesh_nrf52840_xxAA_s140_6.0.0_Release/obj/serial_handler_app.o
                0x000000000002d698                serial_handler_app_cb_set
 .text.serial_handler_app_rx
                0x000000000002d6a4       0x2c build/usb_serial_mesh_nrf52840_xxAA_s140_6.0.0_Release/obj/serial_handler_app.o
                0x000000000002d6a4                serial_handler_app_rx
 .text.mesh_stack_start
                0x000000000002d6d0        0x4 build/usb_serial_mesh_nrf52840_xxAA_s140_6.0.0_Release/obj/mesh_stack.o
                0x000000000002d6d0                mesh_stack_start
 .text.mesh_stack_provisioning_data_store
                0x000000000002d6d4       0x6c build/usb_serial_mesh_nrf52840_xxAA_s140_6.0.0_Release/obj/mesh_stack.o
                0x000000000002d6d4                mesh_stack_provisioning_data_store
 .text.mesh_stack_config_clear
                0x000000000002d740       0x12 build/usb_serial_mesh_nrf52840_xxAA_s140_6.0.0_Release/obj/mesh_stack.o
                0x000000000002d740                mesh_stack_config_clear
 .text.mesh_stack_is_device_provisioned
                0x000000000002d752       0x18 build/usb_serial_mesh_nrf52840_xxAA_s140_6.0.0_Release/obj/mesh_stack.o
                0x000000000002d752                mesh_stack_is_device_provisioned
 *fill*         0x000000000002d76a        0x2 
 .text.mesh_stack_init
                0x000000000002d76c       0x64 build/usb_serial_mesh_nrf52840_xxAA_s140_6.0.0_Release/obj/mesh_stack.o
                0x000000000002d76c                mesh_stack_init
 .text.add_to_publication_list
                0x000000000002d7d0       0x78 build/usb_serial_mesh_nrf52840_xxAA_s140_6.0.0_Release/obj/access_publish.o
 .text.step_resolution_to_us
                0x000000000002d848       0x38 build/usb_serial_mesh_nrf52840_xxAA_s140_6.0.0_Release/obj/access_publish.o
 .text.schedule_publication_timer
                0x000000000002d880      0x184 build/usb_serial_mesh_nrf52840_xxAA_s140_6.0.0_Release/obj/access_publish.o
 .text.publish_timer_tick
                0x000000000002da04       0xa8 build/usb_serial_mesh_nrf52840_xxAA_s140_6.0.0_Release/obj/access_publish.o
 .text.access_publish_init
                0x000000000002daac       0x38 build/usb_serial_mesh_nrf52840_xxAA_s140_6.0.0_Release/obj/access_publish.o
                0x000000000002daac                access_publish_init
 .text.access_publish_period_set
                0x000000000002dae4       0x60 build/usb_serial_mesh_nrf52840_xxAA_s140_6.0.0_Release/obj/access_publish.o
                0x000000000002dae4                access_publish_period_set
 .text.access_publish_period_get
                0x000000000002db44       0x22 build/usb_serial_mesh_nrf52840_xxAA_s140_6.0.0_Release/obj/access_publish.o
                0x000000000002db44                access_publish_period_get
 .text.bitfield_get
                0x000000000002db66       0x12 build/usb_serial_mesh_nrf52840_xxAA_s140_6.0.0_Release/obj/access.o
 .text.is_valid_opcode
                0x000000000002db78       0x42 build/usb_serial_mesh_nrf52840_xxAA_s140_6.0.0_Release/obj/access.o
 *fill*         0x000000000002dbba        0x2 
 .text.model_handle_valid_and_allocated
                0x000000000002dbbc       0x20 build/usb_serial_mesh_nrf52840_xxAA_s140_6.0.0_Release/obj/access.o
 .text.access_state_clear
                0x000000000002dbdc       0x40 build/usb_serial_mesh_nrf52840_xxAA_s140_6.0.0_Release/obj/access.o
 .text.packet_tx
                0x000000000002dc1c      0x2bc build/usb_serial_mesh_nrf52840_xxAA_s140_6.0.0_Release/obj/access.o
 .text.access_flash_config_load
                0x000000000002ded8        0x4 build/usb_serial_mesh_nrf52840_xxAA_s140_6.0.0_Release/obj/access.o
                0x000000000002ded8                access_flash_config_load
 .text.access_flash_config_store
                0x000000000002dedc        0x2 build/usb_serial_mesh_nrf52840_xxAA_s140_6.0.0_Release/obj/access.o
                0x000000000002dedc                access_flash_config_store
 *fill*         0x000000000002dede        0x2 
 .text.access_incoming_handle
                0x000000000002dee0      0x118 build/usb_serial_mesh_nrf52840_xxAA_s140_6.0.0_Release/obj/access.o
                0x000000000002dee0                access_incoming_handle
 .text.mesh_evt_cb
                0x000000000002dff8      0x10c build/usb_serial_mesh_nrf52840_xxAA_s140_6.0.0_Release/obj/access.o
 .text.access_clear
                0x000000000002e104        0xe build/usb_serial_mesh_nrf52840_xxAA_s140_6.0.0_Release/obj/access.o
                0x000000000002e104                access_clear
 *fill*         0x000000000002e112        0x2 
 .text.access_init
                0x000000000002e114       0x28 build/usb_serial_mesh_nrf52840_xxAA_s140_6.0.0_Release/obj/access.o
                0x000000000002e114                access_init
 .text.access_model_add
                0x000000000002e13c      0x1a4 build/usb_serial_mesh_nrf52840_xxAA_s140_6.0.0_Release/obj/access.o
                0x000000000002e13c                access_model_add
 .text.access_model_publish
                0x000000000002e2e0        0xc build/usb_serial_mesh_nrf52840_xxAA_s140_6.0.0_Release/obj/access.o
                0x000000000002e2e0                access_model_publish
 .text.access_model_reply
                0x000000000002e2ec       0x12 build/usb_serial_mesh_nrf52840_xxAA_s140_6.0.0_Release/obj/access.o
                0x000000000002e2ec                access_model_reply
 *fill*         0x000000000002e2fe        0x2 
 .text.access_model_publish_address_set
                0x000000000002e300       0x3c build/usb_serial_mesh_nrf52840_xxAA_s140_6.0.0_Release/obj/access.o
                0x000000000002e300                access_model_publish_address_set
 .text.access_model_publish_address_get
                0x000000000002e33c       0x28 build/usb_serial_mesh_nrf52840_xxAA_s140_6.0.0_Release/obj/access.o
                0x000000000002e33c                access_model_publish_address_get
 .text.access_model_publish_retransmit_set
                0x000000000002e364       0x4c build/usb_serial_mesh_nrf52840_xxAA_s140_6.0.0_Release/obj/access.o
                0x000000000002e364                access_model_publish_retransmit_set
 .text.access_model_publish_retransmit_get
                0x000000000002e3b0       0x2c build/usb_serial_mesh_nrf52840_xxAA_s140_6.0.0_Release/obj/access.o
                0x000000000002e3b0                access_model_publish_retransmit_get
 .text.access_model_publish_period_set
                0x000000000002e3dc       0x6c build/usb_serial_mesh_nrf52840_xxAA_s140_6.0.0_Release/obj/access.o
                0x000000000002e3dc                access_model_publish_period_set
 .text.access_model_publish_period_get
                0x000000000002e448       0x3c build/usb_serial_mesh_nrf52840_xxAA_s140_6.0.0_Release/obj/access.o
                0x000000000002e448                access_model_publish_period_get
 .text.access_model_subscription_add
                0x000000000002e484       0x68 build/usb_serial_mesh_nrf52840_xxAA_s140_6.0.0_Release/obj/access.o
                0x000000000002e484                access_model_subscription_add
 .text.access_model_subscription_remove
                0x000000000002e4ec       0x68 build/usb_serial_mesh_nrf52840_xxAA_s140_6.0.0_Release/obj/access.o
                0x000000000002e4ec                access_model_subscription_remove
 .text.access_model_subscriptions_get
                0x000000000002e554       0x78 build/usb_serial_mesh_nrf52840_xxAA_s140_6.0.0_Release/obj/access.o
                0x000000000002e554                access_model_subscriptions_get
 .text.access_model_application_bind
                0x000000000002e5cc       0x50 build/usb_serial_mesh_nrf52840_xxAA_s140_6.0.0_Release/obj/access.o
                0x000000000002e5cc                access_model_application_bind
 .text.access_model_application_unbind
                0x000000000002e61c       0x50 build/usb_serial_mesh_nrf52840_xxAA_s140_6.0.0_Release/obj/access.o
                0x000000000002e61c                access_model_application_unbind
 .text.access_model_applications_get
                0x000000000002e66c       0x58 build/usb_serial_mesh_nrf52840_xxAA_s140_6.0.0_Release/obj/access.o
                0x000000000002e66c                access_model_applications_get
 .text.access_model_publish_application_set
                0x000000000002e6c4       0x3c build/usb_serial_mesh_nrf52840_xxAA_s140_6.0.0_Release/obj/access.o
                0x000000000002e6c4                access_model_publish_application_set
 .text.access_model_publish_application_get
                0x000000000002e700       0x28 build/usb_serial_mesh_nrf52840_xxAA_s140_6.0.0_Release/obj/access.o
                0x000000000002e700                access_model_publish_application_get
 .text.access_default_ttl_set
                0x000000000002e728       0x18 build/usb_serial_mesh_nrf52840_xxAA_s140_6.0.0_Release/obj/access.o
                0x000000000002e728                access_default_ttl_set
 .text.access_default_ttl_get
                0x000000000002e740        0xc build/usb_serial_mesh_nrf52840_xxAA_s140_6.0.0_Release/obj/access.o